This is pdfTeX, Version 3.141592653-2.6-1.40.26 (TeX Live 2024) (preloaded format=pdflatex 2024.6.24)  24 JUN 2024 14:02
entering extended mode
 restricted \write18 enabled.
 %&-line parsing enabled.
**thesis.tex
(./thesis.tex
LaTeX2e <2024-06-01> patch level 1
L3 programming layer <2024-05-27>
(./uit-thesis.cls
Document Class: uit-thesis 2014/16/02 v0.1a UiT thesis class
(/home/een023/.local/share/mise/installs/tinytex/2024.06/texmf-dist/tex/latex/etex-pkg/etex.sty
Package: etex 2016/08/01 v2.7 eTeX basic definition package (PEB,DPC)
\et@xins=\count194
) (/home/een023/.local/share/mise/installs/tinytex/2024.06/texmf-dist/tex/latex/etoolbox/etoolbox.sty
Package: etoolbox 2020/10/05 v2.5k e-TeX tools for LaTeX (JAW)
\etb@tempcnta=\count195
) (/home/een023/.local/share/mise/installs/tinytex/2024.06/texmf-dist/tex/generic/iftex/ifpdf.sty
Package: ifpdf 2019/10/25 v3.4 ifpdf legacy package. Use iftex instead.
 (/home/een023/.local/share/mise/installs/tinytex/2024.06/texmf-dist/tex/generic/iftex/iftex.sty
Package: iftex 2022/02/03 v1.0f TeX engine tests
)) (/home/een023/.local/share/mise/installs/tinytex/2024.06/texmf-dist/tex/latex/base/book.cls
Document Class: book 2024/02/08 v1.4n Standard LaTeX document class
(/home/een023/.local/share/mise/installs/tinytex/2024.06/texmf-dist/tex/latex/base/bk11.clo
File: bk11.clo 2024/02/08 v1.4n Standard LaTeX file (size option)
)
\c@part=\count196
\c@chapter=\count197
\c@section=\count198
\c@subsection=\count199
Normal \count register pool exhausted, switching to extended pool.
\c@subsubsection=\count277
\c@paragraph=\count278
\c@subparagraph=\count279
\c@figure=\count280
\c@table=\count281
\abovecaptionskip=\skip49
\belowcaptionskip=\skip50
\bibindent=\dimen141
)
\ult@paper@width=\skip51
\ult@paper@height=\skip52
\ult@paper@hbleed=\skip53
\ult@paper@vbleed=\skip54
\ult@coverpages@graphics@width=\skip55
\ult@coverpages@graphics@height=\skip56
\ult@coverpages@graphics@hoffset=\skip57
\ult@coverpages@graphics@voffset=\skip58
\ult@frontpage@leftmargin=\skip59
\ult@frontpage@rightmargin=\skip60
\ult@frontpage@topmargin=\skip61
\ult@frontpage@bottommargin=\skip62
\ult@frontpage@textbox@xpos=\skip63
\ult@frontpage@textbox@ypos=\skip64
\ult@frontpage@graphics@ypos=\skip65
 (/home/een023/.local/share/mise/installs/tinytex/2024.06/texmf-dist/tex/latex/silence/silence.sty
Package: silence 2012/07/02 v1.5b Selective filtering of warnings and error messages
\sl@Save=\count282
\sl@StateNumber=\count283
\sl@MessageCount=\count284
\sl@Casualties=\count285
\sl@Filter=\toks17
\sl@Message=\toks18
\sl@UnexpandedMessage=\toks19
\sl@Mess@ge=\toks20
\sl@WarningCount=\count286
\sl@WarningNumber=\count287
\sl@WarningCasualties=\count288
\sl@TempBOW=\toks21
\sl@BankOfWarnings=\toks22
LaTeX Info: Redefining \GenericWarning on input line 433.
\sl@ErrorCount=\count289
\sl@ErrorNumber=\count290
\sl@ErrorCasualties=\count291
\sl@TempBOE=\toks23
\sl@BankOfErrors=\toks24
LaTeX Info: Redefining \GenericError on input line 601.
) (/home/een023/.local/share/mise/installs/tinytex/2024.06/texmf-dist/tex/latex/base/inputenc.sty
Package: inputenc 2024/02/08 v1.3d Input encoding file
\inpenc@prehook=\toks25
\inpenc@posthook=\toks26
) (/home/een023/.local/share/mise/installs/tinytex/2024.06/texmf-dist/tex/latex/cmap/cmap.sty
Package: cmap 2021/02/06 v1.0j CMap support: searchable PDF
) (/home/een023/.local/share/mise/installs/tinytex/2024.06/texmf-dist/tex/latex/base/fontenc.sty
Package: fontenc 2021/04/29 v2.0v Standard LaTeX package
<<t1.cmap>>) (/home/een023/.local/share/mise/installs/tinytex/2024.06/texmf-dist/tex/generic/oberdiek/hyphsubst.sty
Package: hyphsubst 2016/05/16 v0.3 Substitute hyphenation patterns (HO)
 (/home/een023/.local/share/mise/installs/tinytex/2024.06/texmf-dist/tex/generic/infwarerr/infwarerr.sty
Package: infwarerr 2019/12/03 v1.5 Providing info/warning/error messages (HO)
)
Package hyphsubst Info: Redefined: \l@english
(hyphsubst)             old value: 0
(hyphsubst)             new value: 6
(hyphsubst)             \language updated on input line 227.
) (/home/een023/.local/share/mise/installs/tinytex/2024.06/texmf-dist/tex/generic/babel/babel.sty
Package: babel 2024/06/02 v24.6 The Babel package
\babel@savecnt=\count292
\U@D=\dimen142
\l@unhyphenated=\language8
 (/home/een023/.local/share/mise/installs/tinytex/2024.06/texmf-dist/tex/generic/babel/txtbabel.def)
\bbl@readstream=\read2
\bbl@dirlevel=\count293
 (/home/een023/.local/share/mise/installs/tinytex/2024.06/texmf-dist/tex/generic/babel-english/USenglish.ldf
Language: USenglish 2017/06/06 v3.3r English support from the babel system
 (/home/een023/.local/share/mise/installs/tinytex/2024.06/texmf-dist/tex/generic/babel-english/english.ldf
Language: english 2017/06/06 v3.3r English support from the babel system
Package babel Info: Hyphen rules for 'canadian' set to \l@english
(babel)             (\language0). Reported on input line 102.
Package babel Info: Hyphen rules for 'australian' set to \l@ukenglish
(babel)             (\language5). Reported on input line 105.
Package babel Info: Hyphen rules for 'newzealand' set to \l@ukenglish
(babel)             (\language5). Reported on input line 108.
))) (/home/een023/.local/share/mise/installs/tinytex/2024.06/texmf-dist/tex/generic/babel/locale/en/babel-usenglish.tex
Package babel Info: Importing font and identification data for USenglish
(babel)             from babel-en-US.ini. Reported on input line 11.
) (/home/een023/.local/share/mise/installs/tinytex/2024.06/texmf-dist/tex/latex/titlesec/titlesec.sty
Package: titlesec 2023/10/27 v2.16 Sectioning titles
\ttl@box=\box52
\beforetitleunit=\skip66
\aftertitleunit=\skip67
\ttl@plus=\dimen143
\ttl@minus=\dimen144
\ttl@toksa=\toks27
\titlewidth=\dimen145
\titlewidthlast=\dimen146
\titlewidthfirst=\dimen147
) (/home/een023/.local/share/mise/installs/tinytex/2024.06/texmf-dist/tex/latex/sectsty/sectsty.sty
Package: sectsty 2002/02/25 v2.0.2 Commands to change all sectional heading styles


LaTeX Warning: Command \underbar  has changed.
               Check if current package is valid.


LaTeX Warning: Command \underline  has changed.
               Check if current package is valid.

) (/home/een023/.local/share/mise/installs/tinytex/2024.06/texmf-dist/tex/latex/lm/lmodern.sty
Package: lmodern 2015/05/01 v1.6.1 Latin Modern Fonts
LaTeX Font Info:    Overwriting symbol font `operators' in version `normal'
(Font)                  OT1/cmr/m/n --> OT1/lmr/m/n on input line 22.
LaTeX Font Info:    Overwriting symbol font `letters' in version `normal'
(Font)                  OML/cmm/m/it --> OML/lmm/m/it on input line 23.
LaTeX Font Info:    Overwriting symbol font `symbols' in version `normal'
(Font)                  OMS/cmsy/m/n --> OMS/lmsy/m/n on input line 24.
LaTeX Font Info:    Overwriting symbol font `largesymbols' in version `normal'
(Font)                  OMX/cmex/m/n --> OMX/lmex/m/n on input line 25.
LaTeX Font Info:    Overwriting symbol font `operators' in version `bold'
(Font)                  OT1/cmr/bx/n --> OT1/lmr/bx/n on input line 26.
LaTeX Font Info:    Overwriting symbol font `letters' in version `bold'
(Font)                  OML/cmm/b/it --> OML/lmm/b/it on input line 27.
LaTeX Font Info:    Overwriting symbol font `symbols' in version `bold'
(Font)                  OMS/cmsy/b/n --> OMS/lmsy/b/n on input line 28.
LaTeX Font Info:    Overwriting symbol font `largesymbols' in version `bold'
(Font)                  OMX/cmex/m/n --> OMX/lmex/m/n on input line 29.
LaTeX Font Info:    Overwriting math alphabet `\mathbf' in version `normal'
(Font)                  OT1/cmr/bx/n --> OT1/lmr/bx/n on input line 31.
LaTeX Font Info:    Overwriting math alphabet `\mathsf' in version `normal'
(Font)                  OT1/cmss/m/n --> OT1/lmss/m/n on input line 32.
LaTeX Font Info:    Overwriting math alphabet `\mathit' in version `normal'
(Font)                  OT1/cmr/m/it --> OT1/lmr/m/it on input line 33.
LaTeX Font Info:    Overwriting math alphabet `\mathtt' in version `normal'
(Font)                  OT1/cmtt/m/n --> OT1/lmtt/m/n on input line 34.
LaTeX Font Info:    Overwriting math alphabet `\mathbf' in version `bold'
(Font)                  OT1/cmr/bx/n --> OT1/lmr/bx/n on input line 35.
LaTeX Font Info:    Overwriting math alphabet `\mathsf' in version `bold'
(Font)                  OT1/cmss/bx/n --> OT1/lmss/bx/n on input line 36.
LaTeX Font Info:    Overwriting math alphabet `\mathit' in version `bold'
(Font)                  OT1/cmr/bx/it --> OT1/lmr/bx/it on input line 37.
LaTeX Font Info:    Overwriting math alphabet `\mathtt' in version `bold'
(Font)                  OT1/cmtt/m/n --> OT1/lmtt/m/n on input line 38.
) (/home/een023/.local/share/mise/installs/tinytex/2024.06/texmf-dist/tex/latex/type1cm/type1cm.sty
Package: type1cm 2002/09/05 v0.04 BlueSky/Y&Y Type1 CM font definitions (DPC, patched RF)
) (/home/een023/.local/share/mise/installs/tinytex/2024.06/texmf-dist/tex/generic/xint/xintexpr.sty (/home/een023/.local/share/mise/installs/tinytex/2024.06/texmf-dist/tex/generic/xint/xintfrac.sty (/home/een023/.local/share/mise/installs/tinytex/2024.06/texmf-dist/tex/generic/xint/xint.sty (/home/een023/.local/share/mise/installs/tinytex/2024.06/texmf-dist/tex/generic/xint/xintcore.sty (/home/een023/.local/share/mise/installs/tinytex/2024.06/texmf-dist/tex/generic/xint/xintkernel.sty
Package: xintkernel 2022/06/10 v1.4m Paraphernalia for the xint packages (JFB)
\xint_c_ii^xiv=\count294
\xint_c_ii^xxi=\count295
)
Package: xintcore 2022/06/10 v1.4m Expandable arithmetic on big integers (JFB)
\xint_c_x^viii=\count296
\xint_c_x^ix=\count297
\xint_c_x^viii_mone=\count298
\xint_c_xii_e_viii=\count299
\xint_c_xi_e_viii_mone=\count300
)
Package: xint 2022/06/10 v1.4m Expandable operations on big integers (JFB)
\xint_c_nine_x^viii=\count301
)
Package: xintfrac 2022/06/10 v1.4m Expandable operations on fractions (JFB)
) (/home/een023/.local/share/mise/installs/tinytex/2024.06/texmf-dist/tex/generic/xint/xinttools.sty
Package: xinttools 2022/06/10 v1.4m Expandable and non-expandable utilities (JFB)
\XINT_toks=\toks28
)
Package: xintexpr 2022/06/10 v1.4m Expandable expression parser (JFB)
 (/home/een023/.local/share/mise/installs/tinytex/2024.06/texmf-dist/tex/generic/xint/xinttrig.sty
Package: xinttrig 2022/06/10 v1.4m Trigonometrical functions for xintexpr (JFB)
) (/home/een023/.local/share/mise/installs/tinytex/2024.06/texmf-dist/tex/generic/xint/xintlog.sty
Package: xintlog 2022/06/10 v1.4m Logarithms and exponentials for xintexpr (JFB)
 (/home/een023/.local/share/mise/installs/tinytex/2024.06/texmf-dist/tex/generic/poormanlog/poormanlog.sty
Package: poormanlog 2022/05/25 v0.07 base 10 log and pow with 9 digits (JFB)
 (/home/een023/.local/share/mise/installs/tinytex/2024.06/texmf-dist/tex/generic/poormanlog/poormanlog.tex)))) (/home/een023/.local/share/mise/installs/tinytex/2024.06/texmf-dist/tex/latex/base/ifthen.sty
Package: ifthen 2024/03/16 v1.1e Standard LaTeX ifthen package (DPC)
) (/home/een023/.local/share/mise/installs/tinytex/2024.06/texmf-dist/tex/latex/tools/calc.sty
Package: calc 2023/07/08 v4.3 Infix arithmetic (KKT,FJ)
\calc@Acount=\count302
\calc@Bcount=\count303
\calc@Adimen=\dimen148
\calc@Bdimen=\dimen149
\calc@Askip=\skip68
\calc@Bskip=\skip69
LaTeX Info: Redefining \setlength on input line 80.
LaTeX Info: Redefining \addtolength on input line 81.
\calc@Ccount=\count304
\calc@Cskip=\skip70
) (/home/een023/.local/share/mise/installs/tinytex/2024.06/texmf-dist/tex/latex/xcolor/xcolor.sty
Package: xcolor 2023/11/15 v3.01 LaTeX color extensions (UK)
 (/home/een023/.local/share/mise/installs/tinytex/2024.06/texmf-dist/tex/latex/graphics-cfg/color.cfg
File: color.cfg 2016/01/02 v1.6 sample color configuration
)

Package xcolor Warning: Package option `hyperref' is obsolete and ignored on input line 266.

Package xcolor Info: Driver file: pdftex.def on input line 274.
(/home/een023/.local/share/mise/installs/tinytex/2024.06/texmf-dist/tex/latex/graphics-def/pdftex.def
File: pdftex.def 2024/04/13 v1.2c Graphics/color driver for pdftex
) (/home/een023/.local/share/mise/installs/tinytex/2024.06/texmf-dist/tex/latex/graphics/mathcolor.ltx)
Package xcolor Info: Model `cmy' substituted by `cmy0' on input line 1350.
Package xcolor Info: Model `hsb' substituted by `rgb' on input line 1354.
Package xcolor Info: Model `RGB' extended on input line 1366.
Package xcolor Info: Model `HTML' substituted by `rgb' on input line 1368.
Package xcolor Info: Model `Hsb' substituted by `hsb' on input line 1369.
Package xcolor Info: Model `tHsb' substituted by `hsb' on input line 1370.
Package xcolor Info: Model `HSB' substituted by `hsb' on input line 1371.
Package xcolor Info: Model `Gray' substituted by `gray' on input line 1372.
Package xcolor Info: Model `wave' substituted by `hsb' on input line 1373.
) (/home/een023/.local/share/mise/installs/tinytex/2024.06/texmf-dist/tex/latex/graphics/dvipsnam.def
File: dvipsnam.def 2016/06/17 v3.0m Driver-dependent file (DPC,SPQR)
) (/home/een023/.local/share/mise/installs/tinytex/2024.06/texmf-dist/tex/latex/colortbl/colortbl.sty
Package: colortbl 2024/05/26 v1.0h Color table columns (DPC)
 (/home/een023/.local/share/mise/installs/tinytex/2024.06/texmf-dist/tex/latex/tools/array.sty
Package: array 2024/06/14 v2.6d Tabular extension package (FMi)
\col@sep=\dimen150
\ar@mcellbox=\box53
\extrarowheight=\dimen151
\NC@list=\toks29
\extratabsurround=\skip71
\backup@length=\skip72
\ar@cellbox=\box54
)
\everycr=\toks30
\minrowclearance=\skip73
\rownum=\count305
) (/home/een023/.local/share/mise/installs/tinytex/2024.06/texmf-dist/tex/generic/soul/soul.sty
Package: soul 2023-06-14 v3.1 Permit use of UTF-8 characters in soul (HO)
 (/home/een023/.local/share/mise/installs/tinytex/2024.06/texmf-dist/tex/generic/soul/soul-ori.sty
Package: soul-ori 2023-06-14 v3.1 letterspacing/underlining (mf)
\SOUL@word=\toks31
\SOUL@lasttoken=\toks32
\SOUL@syllable=\toks33
\SOUL@cmds=\toks34
\SOUL@buffer=\toks35
\SOUL@token=\toks36
\SOUL@syllgoal=\dimen152
\SOUL@syllwidth=\dimen153
\SOUL@charkern=\dimen154
\SOUL@hyphkern=\dimen155
\SOUL@dimen=\dimen156
\SOUL@dimeni=\dimen157
\SOUL@minus=\count306
\SOUL@comma=\count307
\SOUL@apo=\count308
\SOUL@grave=\count309
\SOUL@spaceskip=\skip74
\SOUL@ttwidth=\dimen158
\SOUL@uldp=\dimen159
\SOUL@ulht=\dimen160
) (/home/een023/.local/share/mise/installs/tinytex/2024.06/texmf-dist/tex/generic/etexcmds/etexcmds.sty
Package: etexcmds 2019/12/15 v1.7 Avoid name clashes with e-TeX commands (HO)
)) (/home/een023/.local/share/mise/installs/tinytex/2024.06/texmf-dist/tex/latex/url/url.sty
\Urlmuskip=\muskip17
Package: url 2013/09/16  ver 3.4  Verb mode for urls, etc.
) (/home/een023/.local/share/mise/installs/tinytex/2024.06/texmf-dist/tex/latex/l3packages/xparse/xparse.sty (/home/een023/.local/share/mise/installs/tinytex/2024.06/texmf-dist/tex/latex/l3kernel/expl3.sty
Package: expl3 2024-05-27 L3 programming layer (loader) 
 (/home/een023/.local/share/mise/installs/tinytex/2024.06/texmf-dist/tex/latex/l3backend/l3backend-pdftex.def
File: l3backend-pdftex.def 2024-05-08 L3 backend support: PDF output (pdfTeX)
\l__color_backend_stack_int=\count310
\l__pdf_internal_box=\box55
))
Package: xparse 2024-05-08 L3 Experimental document command parser
) (/home/een023/.local/share/mise/installs/tinytex/2024.06/texmf-dist/tex/latex/base/atbegshi-ltx.sty
Package: atbegshi-ltx 2021/01/10 v1.0c Emulation of the original atbegshi
package with kernel methods
) (/home/een023/.local/share/mise/installs/tinytex/2024.06/texmf-dist/tex/generic/catchfile/catchfile.sty
Package: catchfile 2019/12/09 v1.8 Catch the contents of a file (HO)
 (/home/een023/.local/share/mise/installs/tinytex/2024.06/texmf-dist/tex/generic/ltxcmds/ltxcmds.sty
Package: ltxcmds 2023-12-04 v1.26 LaTeX kernel commands for general use (HO)
)) (/home/een023/.local/share/mise/installs/tinytex/2024.06/texmf-dist/tex/generic/xstring/xstring.sty (/home/een023/.local/share/mise/installs/tinytex/2024.06/texmf-dist/tex/generic/xstring/xstring.tex
\xs_counta=\count311
\xs_countb=\count312
)
Package: xstring 2023/08/22 v1.86 String manipulations (CT)
) (/home/een023/.local/share/mise/installs/tinytex/2024.06/texmf-dist/tex/latex/xpatch/xpatch.sty
Package: xpatch 2020/03/25 v0.3a Extending etoolbox patching commands
) (./ult-rename.sty
Package: ult-rename 2015/11/05 v1.1a UiT LaTeX template rename definitions
) (/home/een023/.local/share/mise/installs/tinytex/2024.06/texmf-dist/tex/latex/float/float.sty
Package: float 2001/11/08 v1.3d Float enhancements (AL)
\c@float@type=\count313
\float@exts=\toks37
\float@box=\box56
\@float@everytoks=\toks38
\@floatcapt=\box57
) (/home/een023/.local/share/mise/installs/tinytex/2024.06/texmf-dist/tex/latex/newfloat/newfloat.sty
Package: newfloat 2023/10/01 v1.2 Defining new floating environments (AR)
 (/home/een023/.local/share/mise/installs/tinytex/2024.06/texmf-dist/tex/latex/graphics/keyval.sty
Package: keyval 2022/05/29 v1.15 key=value parser (DPC)
\KV@toks@=\toks39
)
Package newfloat Info: Document class `book' detected (original).
) (/home/een023/.local/share/mise/installs/tinytex/2024.06/texmf-dist/tex/latex/footmisc/footmisc.sty
Package: footmisc 2023/07/05 v6.0f a miscellany of footnote facilities
\FN@temptoken=\toks40
\footnotemargin=\dimen161
\@outputbox@depth=\dimen162
Package footmisc Info: Declaring symbol style bringhurst on input line 696.
Package footmisc Info: Declaring symbol style chicago on input line 704.
Package footmisc Info: Declaring symbol style wiley on input line 713.
Package footmisc Info: Declaring symbol style lamport-robust on input line 724.
Package footmisc Info: Declaring symbol style lamport* on input line 744.
Package footmisc Info: Declaring symbol style lamport*-robust on input line 765.
) (/home/een023/.local/share/mise/installs/tinytex/2024.06/texmf-dist/tex/latex/hyperref/hyperref.sty
Package: hyperref 2024-05-23 v7.01i Hypertext links for LaTeX
 (/home/een023/.local/share/mise/installs/tinytex/2024.06/texmf-dist/tex/latex/kvsetkeys/kvsetkeys.sty
Package: kvsetkeys 2022-10-05 v1.19 Key value parser (HO)
) (/home/een023/.local/share/mise/installs/tinytex/2024.06/texmf-dist/tex/generic/kvdefinekeys/kvdefinekeys.sty
Package: kvdefinekeys 2019-12-19 v1.6 Define keys (HO)
) (/home/een023/.local/share/mise/installs/tinytex/2024.06/texmf-dist/tex/generic/pdfescape/pdfescape.sty
Package: pdfescape 2019/12/09 v1.15 Implements pdfTeX's escape features (HO)
 (/home/een023/.local/share/mise/installs/tinytex/2024.06/texmf-dist/tex/generic/pdftexcmds/pdftexcmds.sty
Package: pdftexcmds 2020-06-27 v0.33 Utility functions of pdfTeX for LuaTeX (HO)
Package pdftexcmds Info: \pdf@primitive is available.
Package pdftexcmds Info: \pdf@ifprimitive is available.
Package pdftexcmds Info: \pdfdraftmode found.
)) (/home/een023/.local/share/mise/installs/tinytex/2024.06/texmf-dist/tex/latex/hycolor/hycolor.sty
Package: hycolor 2020-01-27 v1.10 Color options for hyperref/bookmark (HO)
) (/home/een023/.local/share/mise/installs/tinytex/2024.06/texmf-dist/tex/latex/hyperref/nameref.sty
Package: nameref 2023-11-26 v2.56 Cross-referencing by name of section
 (/home/een023/.local/share/mise/installs/tinytex/2024.06/texmf-dist/tex/latex/refcount/refcount.sty
Package: refcount 2019/12/15 v3.6 Data extraction from label references (HO)
) (/home/een023/.local/share/mise/installs/tinytex/2024.06/texmf-dist/tex/generic/gettitlestring/gettitlestring.sty
Package: gettitlestring 2019/12/15 v1.6 Cleanup title references (HO)
 (/home/een023/.local/share/mise/installs/tinytex/2024.06/texmf-dist/tex/latex/kvoptions/kvoptions.sty
Package: kvoptions 2022-06-15 v3.15 Key value format for package options (HO)
))
\c@section@level=\count314
) (/home/een023/.local/share/mise/installs/tinytex/2024.06/texmf-dist/tex/generic/stringenc/stringenc.sty
Package: stringenc 2019/11/29 v1.12 Convert strings between diff. encodings (HO)
)
\@linkdim=\dimen163
\Hy@linkcounter=\count315
\Hy@pagecounter=\count316
 (/home/een023/.local/share/mise/installs/tinytex/2024.06/texmf-dist/tex/latex/hyperref/pd1enc.def
File: pd1enc.def 2024-05-23 v7.01i Hyperref: PDFDocEncoding definition (HO)
Now handling font encoding PD1 ...
... no UTF-8 mapping file for font encoding PD1
) (/home/een023/.local/share/mise/installs/tinytex/2024.06/texmf-dist/tex/generic/intcalc/intcalc.sty
Package: intcalc 2019/12/15 v1.3 Expandable calculations with integers (HO)
)
\Hy@SavedSpaceFactor=\count317
 (/home/een023/.local/share/mise/installs/tinytex/2024.06/texmf-dist/tex/latex/hyperref/puenc.def
File: puenc.def 2024-05-23 v7.01i Hyperref: PDF Unicode definition (HO)
Now handling font encoding PU ...
... no UTF-8 mapping file for font encoding PU
)
Package hyperref Info: Option `plainpages' set `false' on input line 4040.
Package hyperref Info: Option `pdfpagelabels' set `false' on input line 4040.
Package hyperref Info: Option `pdfdisplaydoctitle' set `true' on input line 4040.
Package hyperref Info: Option `bookmarks' set `true' on input line 4040.
Package hyperref Info: Option `hyperindex' set `true' on input line 4040.
Package hyperref Info: Option `hyperfigures' set `true' on input line 4040.
Package hyperref Info: Hyper figures ON on input line 4155.
Package hyperref Info: Link nesting OFF on input line 4162.
Package hyperref Info: Hyper index ON on input line 4165.
Package hyperref Info: Plain pages OFF on input line 4172.
Package hyperref Info: Backreferencing OFF on input line 4177.
Package hyperref Info: Implicit mode ON; LaTeX internals redefined.
Package hyperref Info: Bookmarks ON on input line 4424.
\c@Hy@tempcnt=\count318
LaTeX Info: Redefining \url on input line 4763.
\XeTeXLinkMargin=\dimen164
 (/home/een023/.local/share/mise/installs/tinytex/2024.06/texmf-dist/tex/generic/bitset/bitset.sty
Package: bitset 2019/12/09 v1.3 Handle bit-vector datatype (HO)
 (/home/een023/.local/share/mise/installs/tinytex/2024.06/texmf-dist/tex/generic/bigintcalc/bigintcalc.sty
Package: bigintcalc 2019/12/15 v1.5 Expandable calculations on big integers (HO)
))
\Fld@menulength=\count319
\Field@Width=\dimen165
\Fld@charsize=\dimen166
Package hyperref Info: Hyper figures ON on input line 6040.
Package hyperref Info: Link nesting OFF on input line 6047.
Package hyperref Info: Hyper index ON on input line 6050.
Package hyperref Info: backreferencing OFF on input line 6057.
Package hyperref Info: Link coloring OFF on input line 6062.
Package hyperref Info: Link coloring with OCG OFF on input line 6067.
Package hyperref Info: PDF/A mode OFF on input line 6072.
\c@Item=\count320
\c@Hfootnote=\count321
)
Package hyperref Info: Driver: hpdftex.
 (/home/een023/.local/share/mise/installs/tinytex/2024.06/texmf-dist/tex/latex/hyperref/hpdftex.def
File: hpdftex.def 2024-05-23 v7.01i Hyperref driver for pdfTeX
\Fld@listcount=\count322
\c@bookmark@seq@number=\count323
 (/home/een023/.local/share/mise/installs/tinytex/2024.06/texmf-dist/tex/latex/rerunfilecheck/rerunfilecheck.sty
Package: rerunfilecheck 2022-07-10 v1.10 Rerun checks for auxiliary files (HO)
 (/home/een023/.local/share/mise/installs/tinytex/2024.06/texmf-dist/tex/latex/base/atveryend-ltx.sty
Package: atveryend-ltx 2020/08/19 v1.0a Emulation of the original atveryend package
with kernel methods
) (/home/een023/.local/share/mise/installs/tinytex/2024.06/texmf-dist/tex/generic/uniquecounter/uniquecounter.sty
Package: uniquecounter 2019/12/15 v1.4 Provide unlimited unique counter (HO)
)
Package uniquecounter Info: New unique counter `rerunfilecheck' on input line 285.
)
\Hy@SectionHShift=\skip75
) (/home/een023/.local/share/mise/installs/tinytex/2024.06/texmf-dist/tex/latex/graphics/graphicx.sty
Package: graphicx 2021/09/16 v1.2d Enhanced LaTeX Graphics (DPC,SPQR)
 (/home/een023/.local/share/mise/installs/tinytex/2024.06/texmf-dist/tex/latex/graphics/graphics.sty
Package: graphics 2024/05/23 v1.4g Standard LaTeX Graphics (DPC,SPQR)
 (/home/een023/.local/share/mise/installs/tinytex/2024.06/texmf-dist/tex/latex/graphics/trig.sty
Package: trig 2023/12/02 v1.11 sin cos tan (DPC)
) (/home/een023/.local/share/mise/installs/tinytex/2024.06/texmf-dist/tex/latex/graphics-cfg/graphics.cfg
File: graphics.cfg 2016/06/04 v1.11 sample graphics configuration
)
Package graphics Info: Driver file: pdftex.def on input line 106.
)
\Gin@req@height=\dimen167
\Gin@req@width=\dimen168
) (/home/een023/.local/share/mise/installs/tinytex/2024.06/texmf-dist/tex/latex/pdfpages/pdfpages.sty
Package: pdfpages 2024/05/29 v0.6a Insert pages of external PDF documents (AM)
 (/home/een023/.local/share/mise/installs/tinytex/2024.06/texmf-dist/tex/latex/eso-pic/eso-pic.sty
Package: eso-pic 2023/05/03 v3.0c eso-pic (RN)
\ESO@tempdima=\dimen169
\ESO@tempdimb=\dimen170
)
\AM@pagewidth=\dimen171
\AM@pageheight=\dimen172
\AM@fboxrule=\dimen173
 (/home/een023/.local/share/mise/installs/tinytex/2024.06/texmf-dist/tex/latex/pdfpages/pppdftex.def
File: pppdftex.def 2024/05/29 v0.6a Pdfpages driver for pdfTeX (AM)
)
\pdfpages@includegraphics@status=\count324
\AM@pagebox=\box58
\AM@global@opts=\toks41
\AM@pagecnt=\count325
\AM@toc@title=\toks42
\AM@lof@heading=\toks43
\c@AM@survey=\count326
\AM@templatesizebox=\box59
) (/home/een023/.local/share/mise/installs/tinytex/2024.06/texmf-dist/tex/latex/oberdiek/hypcap.sty
Package: hypcap 2016/05/16 v1.12 Adjusting the anchors of captions (HO)
 (/home/een023/.local/share/mise/installs/tinytex/2024.06/texmf-dist/tex/latex/letltxmacro/letltxmacro.sty
Package: letltxmacro 2019/12/03 v1.6 Let assignment for LaTeX macros (HO)
))
Package hyperref Info: Option `bookmarksopen' set `true' on input line 575.
Package hyperref Info: Option `bookmarksnumbered' set `true' on input line 575.
Package hyperref Info: Option `breaklinks' set `true' on input line 575.
Package hyperref Info: Option `linktocpage' set `true' on input line 575.
Package hyperref Info: Option `colorlinks' set `false' on input line 575.
Package hyperref Info: Option `unicode' set `true' on input line 575.
 (./ult-autoref.sty
Package: ult-autoref 2015/11/05 v1.1a UiT LaTeX template customized autoref
) (/home/een023/.local/share/mise/installs/tinytex/2024.06/texmf-dist/tex/latex/caption/caption.sty
Package: caption 2023/08/05 v3.6o Customizing captions (AR)
 (/home/een023/.local/share/mise/installs/tinytex/2024.06/texmf-dist/tex/latex/caption/caption3.sty
Package: caption3 2023/07/31 v2.4d caption3 kernel (AR)
\caption@tempdima=\dimen174
\captionmargin=\dimen175
\caption@leftmargin=\dimen176
\caption@rightmargin=\dimen177
\caption@width=\dimen178
\caption@indent=\dimen179
\caption@parindent=\dimen180
\caption@hangindent=\dimen181
Package caption Info: Standard document class detected.
)
\c@caption@flags=\count327
\c@continuedfloat=\count328
Package caption Info: float package is loaded.
Package caption Info: hyperref package is loaded.
Package caption Info: hypcap package is loaded.
) (/home/een023/.local/share/mise/installs/tinytex/2024.06/texmf-dist/tex/latex/caption/subcaption.sty
Package: subcaption 2023/07/28 v1.6b Sub-captions (AR)
Package caption Info: New subtype `subfigure' on input line 238.
\c@subfigure=\count329
Package caption Info: New subtype `subtable' on input line 238.
\c@subtable=\count330
) (/home/een023/.local/share/mise/installs/tinytex/2024.06/texmf-dist/tex/latex/pgf/frontendlayer/tikz.sty (/home/een023/.local/share/mise/installs/tinytex/2024.06/texmf-dist/tex/latex/pgf/basiclayer/pgf.sty (/home/een023/.local/share/mise/installs/tinytex/2024.06/texmf-dist/tex/latex/pgf/utilities/pgfrcs.sty (/home/een023/.local/share/mise/installs/tinytex/2024.06/texmf-dist/tex/generic/pgf/utilities/pgfutil-common.tex
\pgfutil@everybye=\toks44
\pgfutil@tempdima=\dimen182
\pgfutil@tempdimb=\dimen183
) (/home/een023/.local/share/mise/installs/tinytex/2024.06/texmf-dist/tex/generic/pgf/utilities/pgfutil-latex.def
\pgfutil@abb=\box60
) (/home/een023/.local/share/mise/installs/tinytex/2024.06/texmf-dist/tex/generic/pgf/utilities/pgfrcs.code.tex (/home/een023/.local/share/mise/installs/tinytex/2024.06/texmf-dist/tex/generic/pgf/pgf.revision.tex)
Package: pgfrcs 2023-01-15 v3.1.10 (3.1.10)
))
Package: pgf 2023-01-15 v3.1.10 (3.1.10)
 (/home/een023/.local/share/mise/installs/tinytex/2024.06/texmf-dist/tex/latex/pgf/basiclayer/pgfcore.sty (/home/een023/.local/share/mise/installs/tinytex/2024.06/texmf-dist/tex/latex/pgf/systemlayer/pgfsys.sty (/home/een023/.local/share/mise/installs/tinytex/2024.06/texmf-dist/tex/generic/pgf/systemlayer/pgfsys.code.tex
Package: pgfsys 2023-01-15 v3.1.10 (3.1.10)
 (/home/een023/.local/share/mise/installs/tinytex/2024.06/texmf-dist/tex/generic/pgf/utilities/pgfkeys.code.tex
\pgfkeys@pathtoks=\toks45
\pgfkeys@temptoks=\toks46
 (/home/een023/.local/share/mise/installs/tinytex/2024.06/texmf-dist/tex/generic/pgf/utilities/pgfkeyslibraryfiltered.code.tex
\pgfkeys@tmptoks=\toks47
))
\pgf@x=\dimen184
\pgf@y=\dimen185
\pgf@xa=\dimen186
\pgf@ya=\dimen187
\pgf@xb=\dimen188
\pgf@yb=\dimen189
\pgf@xc=\dimen190
\pgf@yc=\dimen191
\pgf@xd=\dimen192
\pgf@yd=\dimen193
\w@pgf@writea=\write3
\r@pgf@reada=\read3
\c@pgf@counta=\count331
\c@pgf@countb=\count332
\c@pgf@countc=\count333
\c@pgf@countd=\count334
\t@pgf@toka=\toks48
\t@pgf@tokb=\toks49
\t@pgf@tokc=\toks50
\pgf@sys@id@count=\count335
 (/home/een023/.local/share/mise/installs/tinytex/2024.06/texmf-dist/tex/generic/pgf/systemlayer/pgf.cfg
File: pgf.cfg 2023-01-15 v3.1.10 (3.1.10)
)
Driver file for pgf: pgfsys-pdftex.def
 (/home/een023/.local/share/mise/installs/tinytex/2024.06/texmf-dist/tex/generic/pgf/systemlayer/pgfsys-pdftex.def
File: pgfsys-pdftex.def 2023-01-15 v3.1.10 (3.1.10)
 (/home/een023/.local/share/mise/installs/tinytex/2024.06/texmf-dist/tex/generic/pgf/systemlayer/pgfsys-common-pdf.def
File: pgfsys-common-pdf.def 2023-01-15 v3.1.10 (3.1.10)
))) (/home/een023/.local/share/mise/installs/tinytex/2024.06/texmf-dist/tex/generic/pgf/systemlayer/pgfsyssoftpath.code.tex
File: pgfsyssoftpath.code.tex 2023-01-15 v3.1.10 (3.1.10)
\pgfsyssoftpath@smallbuffer@items=\count336
\pgfsyssoftpath@bigbuffer@items=\count337
) (/home/een023/.local/share/mise/installs/tinytex/2024.06/texmf-dist/tex/generic/pgf/systemlayer/pgfsysprotocol.code.tex
File: pgfsysprotocol.code.tex 2023-01-15 v3.1.10 (3.1.10)
)) (/home/een023/.local/share/mise/installs/tinytex/2024.06/texmf-dist/tex/generic/pgf/basiclayer/pgfcore.code.tex
Package: pgfcore 2023-01-15 v3.1.10 (3.1.10)
 (/home/een023/.local/share/mise/installs/tinytex/2024.06/texmf-dist/tex/generic/pgf/math/pgfmath.code.tex (/home/een023/.local/share/mise/installs/tinytex/2024.06/texmf-dist/tex/generic/pgf/math/pgfmathutil.code.tex) (/home/een023/.local/share/mise/installs/tinytex/2024.06/texmf-dist/tex/generic/pgf/math/pgfmathparser.code.tex
\pgfmath@dimen=\dimen194
\pgfmath@count=\count338
\pgfmath@box=\box61
\pgfmath@toks=\toks51
\pgfmath@stack@operand=\toks52
\pgfmath@stack@operation=\toks53
) (/home/een023/.local/share/mise/installs/tinytex/2024.06/texmf-dist/tex/generic/pgf/math/pgfmathfunctions.code.tex) (/home/een023/.local/share/mise/installs/tinytex/2024.06/texmf-dist/tex/generic/pgf/math/pgfmathfunctions.basic.code.tex) (/home/een023/.local/share/mise/installs/tinytex/2024.06/texmf-dist/tex/generic/pgf/math/pgfmathfunctions.trigonometric.code.tex) (/home/een023/.local/share/mise/installs/tinytex/2024.06/texmf-dist/tex/generic/pgf/math/pgfmathfunctions.random.code.tex) (/home/een023/.local/share/mise/installs/tinytex/2024.06/texmf-dist/tex/generic/pgf/math/pgfmathfunctions.comparison.code.tex) (/home/een023/.local/share/mise/installs/tinytex/2024.06/texmf-dist/tex/generic/pgf/math/pgfmathfunctions.base.code.tex) (/home/een023/.local/share/mise/installs/tinytex/2024.06/texmf-dist/tex/generic/pgf/math/pgfmathfunctions.round.code.tex) (/home/een023/.local/share/mise/installs/tinytex/2024.06/texmf-dist/tex/generic/pgf/math/pgfmathfunctions.misc.code.tex) (/home/een023/.local/share/mise/installs/tinytex/2024.06/texmf-dist/tex/generic/pgf/math/pgfmathfunctions.integerarithmetics.code.tex) (/home/een023/.local/share/mise/installs/tinytex/2024.06/texmf-dist/tex/generic/pgf/math/pgfmathcalc.code.tex) (/home/een023/.local/share/mise/installs/tinytex/2024.06/texmf-dist/tex/generic/pgf/math/pgfmathfloat.code.tex
\c@pgfmathroundto@lastzeros=\count339
)) (/home/een023/.local/share/mise/installs/tinytex/2024.06/texmf-dist/tex/generic/pgf/math/pgfint.code.tex) (/home/een023/.local/share/mise/installs/tinytex/2024.06/texmf-dist/tex/generic/pgf/basiclayer/pgfcorepoints.code.tex
File: pgfcorepoints.code.tex 2023-01-15 v3.1.10 (3.1.10)
\pgf@picminx=\dimen195
\pgf@picmaxx=\dimen196
\pgf@picminy=\dimen197
\pgf@picmaxy=\dimen198
\pgf@pathminx=\dimen199
Normal \dimen register pool exhausted, switching to extended pool.
\pgf@pathmaxx=\dimen256
\pgf@pathminy=\dimen257
\pgf@pathmaxy=\dimen258
\pgf@xx=\dimen259
\pgf@xy=\dimen260
\pgf@yx=\dimen261
\pgf@yy=\dimen262
\pgf@zx=\dimen263
\pgf@zy=\dimen264
) (/home/een023/.local/share/mise/installs/tinytex/2024.06/texmf-dist/tex/generic/pgf/basiclayer/pgfcorepathconstruct.code.tex
File: pgfcorepathconstruct.code.tex 2023-01-15 v3.1.10 (3.1.10)
\pgf@path@lastx=\dimen265
\pgf@path@lasty=\dimen266
) (/home/een023/.local/share/mise/installs/tinytex/2024.06/texmf-dist/tex/generic/pgf/basiclayer/pgfcorepathusage.code.tex
File: pgfcorepathusage.code.tex 2023-01-15 v3.1.10 (3.1.10)
\pgf@shorten@end@additional=\dimen267
\pgf@shorten@start@additional=\dimen268
) (/home/een023/.local/share/mise/installs/tinytex/2024.06/texmf-dist/tex/generic/pgf/basiclayer/pgfcorescopes.code.tex
File: pgfcorescopes.code.tex 2023-01-15 v3.1.10 (3.1.10)
\pgfpic=\box62
\pgf@hbox=\box63
\pgf@layerbox@main=\box64
\pgf@picture@serial@count=\count340
) (/home/een023/.local/share/mise/installs/tinytex/2024.06/texmf-dist/tex/generic/pgf/basiclayer/pgfcoregraphicstate.code.tex
File: pgfcoregraphicstate.code.tex 2023-01-15 v3.1.10 (3.1.10)
\pgflinewidth=\dimen269
)
(/home/een023/.local/share/mise/installs/tinytex/2024.06/texmf-dist/tex/generic/pgf/basiclayer/pgfcoretransformations.code.tex
File: pgfcoretransformations.code.tex 2023-01-15 v3.1.10 (3.1.10)
\pgf@pt@x=\dimen270
\pgf@pt@y=\dimen271
\pgf@pt@temp=\dimen272
) (/home/een023/.local/share/mise/installs/tinytex/2024.06/texmf-dist/tex/generic/pgf/basiclayer/pgfcorequick.code.tex
File: pgfcorequick.code.tex 2023-01-15 v3.1.10 (3.1.10)
) (/home/een023/.local/share/mise/installs/tinytex/2024.06/texmf-dist/tex/generic/pgf/basiclayer/pgfcoreobjects.code.tex
File: pgfcoreobjects.code.tex 2023-01-15 v3.1.10 (3.1.10)
) (/home/een023/.local/share/mise/installs/tinytex/2024.06/texmf-dist/tex/generic/pgf/basiclayer/pgfcorepathprocessing.code.tex
File: pgfcorepathprocessing.code.tex 2023-01-15 v3.1.10 (3.1.10)
) (/home/een023/.local/share/mise/installs/tinytex/2024.06/texmf-dist/tex/generic/pgf/basiclayer/pgfcorearrows.code.tex
File: pgfcorearrows.code.tex 2023-01-15 v3.1.10 (3.1.10)
\pgfarrowsep=\dimen273
) (/home/een023/.local/share/mise/installs/tinytex/2024.06/texmf-dist/tex/generic/pgf/basiclayer/pgfcoreshade.code.tex
File: pgfcoreshade.code.tex 2023-01-15 v3.1.10 (3.1.10)
\pgf@max=\dimen274
\pgf@sys@shading@range@num=\count341
\pgf@shadingcount=\count342
) (/home/een023/.local/share/mise/installs/tinytex/2024.06/texmf-dist/tex/generic/pgf/basiclayer/pgfcoreimage.code.tex
File: pgfcoreimage.code.tex 2023-01-15 v3.1.10 (3.1.10)
) (/home/een023/.local/share/mise/installs/tinytex/2024.06/texmf-dist/tex/generic/pgf/basiclayer/pgfcoreexternal.code.tex
File: pgfcoreexternal.code.tex 2023-01-15 v3.1.10 (3.1.10)
\pgfexternal@startupbox=\box65
) (/home/een023/.local/share/mise/installs/tinytex/2024.06/texmf-dist/tex/generic/pgf/basiclayer/pgfcorelayers.code.tex
File: pgfcorelayers.code.tex 2023-01-15 v3.1.10 (3.1.10)
) (/home/een023/.local/share/mise/installs/tinytex/2024.06/texmf-dist/tex/generic/pgf/basiclayer/pgfcoretransparency.code.tex
File: pgfcoretransparency.code.tex 2023-01-15 v3.1.10 (3.1.10)
) (/home/een023/.local/share/mise/installs/tinytex/2024.06/texmf-dist/tex/generic/pgf/basiclayer/pgfcorepatterns.code.tex
File: pgfcorepatterns.code.tex 2023-01-15 v3.1.10 (3.1.10)
) (/home/een023/.local/share/mise/installs/tinytex/2024.06/texmf-dist/tex/generic/pgf/basiclayer/pgfcorerdf.code.tex
File: pgfcorerdf.code.tex 2023-01-15 v3.1.10 (3.1.10)
))) (/home/een023/.local/share/mise/installs/tinytex/2024.06/texmf-dist/tex/generic/pgf/modules/pgfmoduleshapes.code.tex
File: pgfmoduleshapes.code.tex 2023-01-15 v3.1.10 (3.1.10)
\pgfnodeparttextbox=\box66
) (/home/een023/.local/share/mise/installs/tinytex/2024.06/texmf-dist/tex/generic/pgf/modules/pgfmoduleplot.code.tex
File: pgfmoduleplot.code.tex 2023-01-15 v3.1.10 (3.1.10)
) (/home/een023/.local/share/mise/installs/tinytex/2024.06/texmf-dist/tex/latex/pgf/compatibility/pgfcomp-version-0-65.sty
Package: pgfcomp-version-0-65 2023-01-15 v3.1.10 (3.1.10)
\pgf@nodesepstart=\dimen275
\pgf@nodesepend=\dimen276
) (/home/een023/.local/share/mise/installs/tinytex/2024.06/texmf-dist/tex/latex/pgf/compatibility/pgfcomp-version-1-18.sty
Package: pgfcomp-version-1-18 2023-01-15 v3.1.10 (3.1.10)
)) (/home/een023/.local/share/mise/installs/tinytex/2024.06/texmf-dist/tex/latex/pgf/utilities/pgffor.sty (/home/een023/.local/share/mise/installs/tinytex/2024.06/texmf-dist/tex/latex/pgf/utilities/pgfkeys.sty (/home/een023/.local/share/mise/installs/tinytex/2024.06/texmf-dist/tex/generic/pgf/utilities/pgfkeys.code.tex)) (/home/een023/.local/share/mise/installs/tinytex/2024.06/texmf-dist/tex/latex/pgf/math/pgfmath.sty (/home/een023/.local/share/mise/installs/tinytex/2024.06/texmf-dist/tex/generic/pgf/math/pgfmath.code.tex)) (/home/een023/.local/share/mise/installs/tinytex/2024.06/texmf-dist/tex/generic/pgf/utilities/pgffor.code.tex
Package: pgffor 2023-01-15 v3.1.10 (3.1.10)
\pgffor@iter=\dimen277
\pgffor@skip=\dimen278
\pgffor@stack=\toks54
\pgffor@toks=\toks55
)) (/home/een023/.local/share/mise/installs/tinytex/2024.06/texmf-dist/tex/generic/pgf/frontendlayer/tikz/tikz.code.tex
Package: tikz 2023-01-15 v3.1.10 (3.1.10)
 (/home/een023/.local/share/mise/installs/tinytex/2024.06/texmf-dist/tex/generic/pgf/libraries/pgflibraryplothandlers.code.tex
File: pgflibraryplothandlers.code.tex 2023-01-15 v3.1.10 (3.1.10)
\pgf@plot@mark@count=\count343
\pgfplotmarksize=\dimen279
)
\tikz@lastx=\dimen280
\tikz@lasty=\dimen281
\tikz@lastxsaved=\dimen282
\tikz@lastysaved=\dimen283
\tikz@lastmovetox=\dimen284
\tikz@lastmovetoy=\dimen285
\tikzleveldistance=\dimen286
\tikzsiblingdistance=\dimen287
\tikz@figbox=\box67
\tikz@figbox@bg=\box68
\tikz@tempbox=\box69
\tikz@tempbox@bg=\box70
\tikztreelevel=\count344
\tikznumberofchildren=\count345
\tikznumberofcurrentchild=\count346
\tikz@fig@count=\count347
 (/home/een023/.local/share/mise/installs/tinytex/2024.06/texmf-dist/tex/generic/pgf/modules/pgfmodulematrix.code.tex
File: pgfmodulematrix.code.tex 2023-01-15 v3.1.10 (3.1.10)
\pgfmatrixcurrentrow=\count348
\pgfmatrixcurrentcolumn=\count349
\pgf@matrix@numberofcolumns=\count350
)
\tikz@expandcount=\count351
 (/home/een023/.local/share/mise/installs/tinytex/2024.06/texmf-dist/tex/generic/pgf/frontendlayer/tikz/libraries/tikzlibrarytopaths.code.tex
File: tikzlibrarytopaths.code.tex 2023-01-15 v3.1.10 (3.1.10)
))) (/home/een023/.local/share/mise/installs/tinytex/2024.06/texmf-dist/tex/latex/tcolorbox/tcolorbox.sty
Package: tcolorbox 2024/01/10 version 6.2.0 text color boxes
 (/home/een023/.local/share/mise/installs/tinytex/2024.06/texmf-dist/tex/latex/tools/verbatim.sty
Package: verbatim 2024-01-22 v1.5x LaTeX2e package for verbatim enhancements
\every@verbatim=\toks56
\verbatim@line=\toks57
\verbatim@in@stream=\read4
) (/home/een023/.local/share/mise/installs/tinytex/2024.06/texmf-dist/tex/latex/environ/environ.sty
Package: environ 2014/05/04 v0.3 A new way to define environments
 (/home/een023/.local/share/mise/installs/tinytex/2024.06/texmf-dist/tex/latex/trimspaces/trimspaces.sty
Package: trimspaces 2009/09/17 v1.1 Trim spaces around a token list
)
\@envbody=\toks58
)
\tcb@titlebox=\box71
\tcb@upperbox=\box72
\tcb@lowerbox=\box73
\tcb@phantombox=\box74
\c@tcbbreakpart=\count352
\c@tcblayer=\count353
\c@tcolorbox@number=\count354
\l__tcobox_tmpa_box=\box75
\l__tcobox_tmpa_dim=\dimen288
\tcb@temp=\box76
\tcb@temp=\box77
\tcb@temp=\box78
\tcb@temp=\box79
 (/home/een023/.local/share/mise/installs/tinytex/2024.06/texmf-dist/tex/latex/tcolorbox/tcbskins.code.tex
Library (tcolorbox): 'tcbskins.code.tex' version '6.2.0'
(/home/een023/.local/share/mise/installs/tinytex/2024.06/texmf-dist/tex/latex/tikzfill/tikzfill.image.sty
Package: tikzfill.image 2023/08/08 v1.0.1 Image filling library for TikZ
 (/home/een023/.local/share/mise/installs/tinytex/2024.06/texmf-dist/tex/latex/tikzfill/tikzfill-common.sty
Package: tikzfill-common 2023/08/08 v1.0.1 Auxiliary code for tikzfill
) (/home/een023/.local/share/mise/installs/tinytex/2024.06/texmf-dist/tex/latex/tikzfill/tikzlibraryfill.image.code.tex
File: tikzlibraryfill.image.code.tex 2023/08/08 v1.0.1 Image filling library
\l__tikzfill_img_box=\box80
)) (/home/een023/.local/share/mise/installs/tinytex/2024.06/texmf-dist/tex/latex/tcolorbox/tcbskinsjigsaw.code.tex
Library (tcolorbox): 'tcbskinsjigsaw.code.tex' version '6.2.0'
))) (/home/een023/.local/share/mise/installs/tinytex/2024.06/texmf-dist/tex/latex/picture/picture.sty
Package: picture 2020-04-22 v1.6 Dimens for picture macros (HO)
Package picture Info: Calculation method: calc.
) (/home/een023/.local/share/mise/installs/tinytex/2024.06/texmf-dist/tex/latex/opensans/opensans.sty
Package: opensans 2019/06/20 Style file for Open Sans.
 (/home/een023/.local/share/mise/installs/tinytex/2024.06/texmf-dist/tex/latex/fontaxes/fontaxes.sty
Package: fontaxes 2020/07/21 v1.0e Font selection axes
LaTeX Info: Redefining \upshape on input line 29.
LaTeX Info: Redefining \itshape on input line 31.
LaTeX Info: Redefining \slshape on input line 33.
LaTeX Info: Redefining \swshape on input line 35.
LaTeX Info: Redefining \scshape on input line 37.
LaTeX Info: Redefining \sscshape on input line 39.
LaTeX Info: Redefining \ulcshape on input line 41.
LaTeX Info: Redefining \textsw on input line 47.
LaTeX Info: Redefining \textssc on input line 48.
LaTeX Info: Redefining \textulc on input line 49.
) (/home/een023/.local/share/mise/installs/tinytex/2024.06/texmf-dist/tex/generic/iftex/ifluatex.sty
Package: ifluatex 2019/10/25 v1.5 ifluatex legacy package. Use iftex instead.
) (/home/een023/.local/share/mise/installs/tinytex/2024.06/texmf-dist/tex/generic/iftex/ifxetex.sty
Package: ifxetex 2019/10/25 v0.7 ifxetex legacy package. Use iftex instead.
) (/home/een023/.local/share/mise/installs/tinytex/2024.06/texmf-dist/tex/latex/xkeyval/xkeyval.sty
Package: xkeyval 2022/06/16 v2.9 package option processing (HA)
 (/home/een023/.local/share/mise/installs/tinytex/2024.06/texmf-dist/tex/generic/xkeyval/xkeyval.tex (/home/een023/.local/share/mise/installs/tinytex/2024.06/texmf-dist/tex/generic/xkeyval/xkvutils.tex
\XKV@toks=\toks59
\XKV@tempa@toks=\toks60
)
\XKV@depth=\count355
File: xkeyval.tex 2014/12/03 v2.7a key=value parser (HA)
))) (/home/een023/.local/share/mise/installs/tinytex/2024.06/texmf-dist/tex/latex/noto/noto-sans.sty
Package: noto-sans 2022/09/11 (Bob Tennent) Supports NotoSans fonts for all LaTeX engines.
 (/home/een023/.local/share/mise/installs/tinytex/2024.06/texmf-dist/tex/latex/base/textcomp.sty
Package: textcomp 2024/04/24 v2.1b Standard LaTeX package
) (/home/een023/.local/share/mise/installs/tinytex/2024.06/texmf-dist/tex/latex/base/fontenc.sty
Package: fontenc 2021/04/29 v2.0v Standard LaTeX package
LaTeX Font Info:    Trying to load font information for T1+lmr on input line 116.
 (/home/een023/.local/share/mise/installs/tinytex/2024.06/texmf-dist/tex/latex/lm/t1lmr.fd
File: t1lmr.fd 2015/05/01 v1.6.1 Font defs for Latin Modern
))) (/home/een023/.local/share/mise/installs/tinytex/2024.06/texmf-dist/tex/latex/xcharter/XCharter.sty
Package: XCharter 2023/07/21 v1.25
 `XCharter' v1.25, 2023/07/21 Text macros for XCharter, an extension of Charter (msharpe) (/home/een023/.local/share/mise/installs/tinytex/2024.06/texmf-dist/tex/latex/carlisle/scalefnt.sty) (/home/een023/.local/share/mise/installs/tinytex/2024.06/texmf-dist/tex/latex/base/fontenc.sty
Package: fontenc 2021/04/29 v2.0v Standard LaTeX package
)
LaTeX Font Info:    Setting XCharter-LF sub-encoding to TS1/0 on input line 37.
LaTeX Font Info:    Changing XCharter-TLF sub-encoding to TS1/0 on input line 37.
LaTeX Font Info:    Setting XCharter-OsF sub-encoding to TS1/0 on input line 37.
LaTeX Font Info:    Changing XCharter-TOsF sub-encoding to TS1/0 on input line 37.
\xch@cnt=\count356
LaTeX Info: Redefining \textsu on input line 269.
LaTeX Info: Redefining \textsu on input line 737.
LaTeX Info: Redefining \textde on input line 740.
LaTeX Info: Redefining \textinf on input line 742.
)
LaTeX Font Info:    Trying to load font information for T1+XCharter-LF on input line 685.
 (/home/een023/.local/share/mise/installs/tinytex/2024.06/texmf-dist/tex/latex/xcharter/T1XCharter-LF.fd
File: T1XCharter-LF.fd 2022/02/17 (autoinst and msharpe) Font definitions for T1/XCharter-LF.
)
LaTeX Font Info:    Font shape `T1/XCharter-LF/m/n' will be
(Font)              scaled to size 10.73094pt on input line 685.
LaTeX Font Info:    Trying to load font information for T1+XCharter-OsF on input line 692.
 (/home/een023/.local/share/mise/installs/tinytex/2024.06/texmf-dist/tex/latex/xcharter/T1XCharter-OsF.fd
File: T1XCharter-OsF.fd 2022/02/17 (autoinst and msharpe) Font definitions for T1/XCharter-OsF.
)
LaTeX Font Info:    Font shape `T1/XCharter-OsF/m/n' will be
(Font)              scaled to size 10.73094pt on input line 692.
 (/home/een023/.local/share/mise/installs/tinytex/2024.06/texmf-dist/tex/latex/csquotes/csquotes.sty
Package: csquotes 2024-04-04 v5.2o context-sensitive quotations (JAW)
\csq@reset=\count357
\csq@gtype=\count358
\csq@glevel=\count359
\csq@qlevel=\count360
\csq@maxlvl=\count361
\csq@tshold=\count362
\csq@ltx@everypar=\toks61
 (/home/een023/.local/share/mise/installs/tinytex/2024.06/texmf-dist/tex/latex/csquotes/csquotes.def
File: csquotes.def 2024-04-04 v5.2o csquotes generic definitions (JAW)
)
Package csquotes Info: Trying to load configuration file 'csquotes.cfg'...
Package csquotes Info: ... configuration file loaded successfully.
 (/home/een023/.local/share/mise/installs/tinytex/2024.06/texmf-dist/tex/latex/csquotes/csquotes.cfg
File: csquotes.cfg 
)) (/home/een023/.local/share/mise/installs/tinytex/2024.06/texmf-dist/tex/latex/microtype/microtype.sty
Package: microtype 2024/03/29 v3.1b Micro-typographical refinements (RS)
\MT@toks=\toks62
\MT@tempbox=\box81
\MT@count=\count363
LaTeX Info: Redefining \noprotrusionifhmode on input line 1061.
LaTeX Info: Redefining \leftprotrusion on input line 1062.
\MT@prot@toks=\toks63
LaTeX Info: Redefining \rightprotrusion on input line 1081.
LaTeX Info: Redefining \textls on input line 1392.
\MT@outer@kern=\dimen289
LaTeX Info: Redefining \textmicrotypecontext on input line 2013.
\MT@listname@count=\count364
 (/home/een023/.local/share/mise/installs/tinytex/2024.06/texmf-dist/tex/latex/microtype/microtype-pdftex.def
File: microtype-pdftex.def 2024/03/29 v3.1b Definitions specific to pdftex (RS)
LaTeX Info: Redefining \lsstyle on input line 902.
LaTeX Info: Redefining \lslig on input line 902.
\MT@outer@space=\skip76
)
Package microtype Info: Loading configuration file microtype.cfg.
 (/home/een023/.local/share/mise/installs/tinytex/2024.06/texmf-dist/tex/latex/microtype/microtype.cfg
File: microtype.cfg 2024/03/29 v3.1b microtype main configuration file (RS)
)) (/home/een023/.local/share/mise/installs/tinytex/2024.06/texmf-dist/tex/latex/listings/listings.sty
\lst@mode=\count365
\lst@gtempboxa=\box82
\lst@token=\toks64
\lst@length=\count366
\lst@currlwidth=\dimen290
\lst@column=\count367
\lst@pos=\count368
\lst@lostspace=\dimen291
\lst@width=\dimen292
\lst@newlines=\count369
\lst@lineno=\count370
\lst@maxwidth=\dimen293
 (/home/een023/.local/share/mise/installs/tinytex/2024.06/texmf-dist/tex/latex/listings/lstpatch.sty
File: lstpatch.sty 2024/05/25 1.10b (Carsten Heinz)
) (/home/een023/.local/share/mise/installs/tinytex/2024.06/texmf-dist/tex/latex/listings/lstmisc.sty
File: lstmisc.sty 2024/05/25 1.10b (Carsten Heinz)
\c@lstnumber=\count371
\lst@skipnumbers=\count372
\lst@framebox=\box83
) (/home/een023/.local/share/mise/installs/tinytex/2024.06/texmf-dist/tex/latex/listings/listings.cfg
File: listings.cfg 2024/05/25 1.10b listings configuration
))
Package: listings 2024/05/25 1.10b (Carsten Heinz)
 (./ult-custom-listings.sty
Package: ult-custom-listings 2024/03/25 v1.2 UiT LaTeX template custom listings
) (/home/een023/.local/share/mise/installs/tinytex/2024.06/texmf-dist/tex/latex/booktabs/booktabs.sty
Package: booktabs 2020/01/12 v1.61803398 Publication quality tables
\heavyrulewidth=\dimen294
\lightrulewidth=\dimen295
\cmidrulewidth=\dimen296
\belowrulesep=\dimen297
\belowbottomsep=\dimen298
\aboverulesep=\dimen299
\abovetopsep=\dimen300
\cmidrulesep=\dimen301
\cmidrulekern=\dimen302
\defaultaddspace=\dimen303
\@cmidla=\count373
\@cmidlb=\count374
\@aboverulesep=\dimen304
\@belowrulesep=\dimen305
\@thisruleclass=\count375
\@lastruleclass=\count376
\@thisrulewidth=\dimen306
) (/home/een023/.local/share/mise/installs/tinytex/2024.06/texmf-dist/tex/latex/tools/tabularx.sty
Package: tabularx 2023/12/11 v2.12a `tabularx' package (DPC)
\TX@col@width=\dimen307
\TX@old@table=\dimen308
\TX@old@col=\dimen309
\TX@target=\dimen310
\TX@delta=\dimen311
\TX@cols=\count377
\TX@ftn=\toks65
) (/home/een023/.local/share/mise/installs/tinytex/2024.06/texmf-dist/tex/latex/tools/xspace.sty
Package: xspace 2014/10/28 v1.13 Space after command names (DPC,MH)
) (/home/een023/.local/share/mise/installs/tinytex/2024.06/texmf-dist/tex/latex/amsmath/amsmath.sty
Package: amsmath 2024/05/23 v2.17q AMS math features
\@mathmargin=\skip77

For additional information on amsmath, use the `?' option.
(/home/een023/.local/share/mise/installs/tinytex/2024.06/texmf-dist/tex/latex/amsmath/amstext.sty
Package: amstext 2021/08/26 v2.01 AMS text
 (/home/een023/.local/share/mise/installs/tinytex/2024.06/texmf-dist/tex/latex/amsmath/amsgen.sty
File: amsgen.sty 1999/11/30 v2.0 generic functions
\@emptytoks=\toks66
\ex@=\dimen312
)) (/home/een023/.local/share/mise/installs/tinytex/2024.06/texmf-dist/tex/latex/amsmath/amsbsy.sty
Package: amsbsy 1999/11/29 v1.2d Bold Symbols
\pmbraise@=\dimen313
) (/home/een023/.local/share/mise/installs/tinytex/2024.06/texmf-dist/tex/latex/amsmath/amsopn.sty
Package: amsopn 2022/04/08 v2.04 operator names
)
\inf@bad=\count378
LaTeX Info: Redefining \frac on input line 233.
\uproot@=\count379
\leftroot@=\count380
LaTeX Info: Redefining \overline on input line 398.
LaTeX Info: Redefining \colon on input line 409.
\classnum@=\count381
\DOTSCASE@=\count382
LaTeX Info: Redefining \ldots on input line 495.
LaTeX Info: Redefining \dots on input line 498.
LaTeX Info: Redefining \cdots on input line 619.
\Mathstrutbox@=\box84
\strutbox@=\box85
LaTeX Info: Redefining \big on input line 721.
LaTeX Info: Redefining \Big on input line 722.
LaTeX Info: Redefining \bigg on input line 723.
LaTeX Info: Redefining \Bigg on input line 724.
\big@size=\dimen314
LaTeX Font Info:    Redeclaring font encoding OML on input line 742.
LaTeX Font Info:    Redeclaring font encoding OMS on input line 743.
\macc@depth=\count383
LaTeX Info: Redefining \bmod on input line 904.
LaTeX Info: Redefining \pmod on input line 909.
LaTeX Info: Redefining \smash on input line 939.
LaTeX Info: Redefining \relbar on input line 969.
LaTeX Info: Redefining \Relbar on input line 970.
\c@MaxMatrixCols=\count384
\dotsspace@=\muskip18
\c@parentequation=\count385
\dspbrk@lvl=\count386
\tag@help=\toks67
\row@=\count387
\column@=\count388
\maxfields@=\count389
\andhelp@=\toks68
\eqnshift@=\dimen315
\alignsep@=\dimen316
\tagshift@=\dimen317
\tagwidth@=\dimen318
\totwidth@=\dimen319
\lineht@=\dimen320
\@envbody=\toks69
\multlinegap=\skip78
\multlinetaggap=\skip79
\mathdisplay@stack=\toks70
LaTeX Info: Redefining \[ on input line 2953.
LaTeX Info: Redefining \] on input line 2954.
) (/home/een023/.local/share/mise/installs/tinytex/2024.06/texmf-dist/tex/latex/amscls/amsthm.sty
Package: amsthm 2020/05/29 v2.20.6
\thm@style=\toks71
\thm@bodyfont=\toks72
\thm@headfont=\toks73
\thm@notefont=\toks74
\thm@headpunct=\toks75
\thm@preskip=\skip80
\thm@postskip=\skip81
\thm@headsep=\skip82
\dth@everypar=\toks76
) (/home/een023/.local/share/mise/installs/tinytex/2024.06/texmf-dist/tex/latex/newtx/newtxmath.sty
Package: newtxmath 2024/06/18 v1.75
 `newtxmath' v1.75, 2024/06/18 Math macros based originally on txfonts (msharpe) (/home/een023/.local/share/mise/installs/tinytex/2024.06/texmf-dist/tex/latex/oberdiek/centernot.sty
Package: centernot 2016/05/16 v1.4 Centers the not symbol horizontally (HO)
)
\tx@cntz=\count390
 (/home/een023/.local/share/mise/installs/tinytex/2024.06/texmf-dist/tex/generic/kastrup/binhex.tex)
\tx@Isdigit=\count391
\tx@IsAlNum=\count392
\tx@tA=\toks77
\tx@tB=\toks78
\tx@su=\read5

amsthm NOT loaded
LaTeX Font Info:    Redeclaring symbol font `operators' on input line 402.
LaTeX Font Info:    Encoding `OT1' has changed to `T1' for symbol font
(Font)              `operators' in the math version `normal' on input line 402.
LaTeX Font Info:    Overwriting symbol font `operators' in version `normal'
(Font)                  OT1/lmr/m/n --> T1/XCharter-TLF/m/n on input line 402.
LaTeX Font Info:    Encoding `OT1' has changed to `T1' for symbol font
(Font)              `operators' in the math version `bold' on input line 402.
LaTeX Font Info:    Overwriting symbol font `operators' in version `bold'
(Font)                  OT1/lmr/bx/n --> T1/XCharter-TLF/m/n on input line 402.
LaTeX Font Info:    Overwriting symbol font `operators' in version `bold'
(Font)                  T1/XCharter-TLF/m/n --> T1/XCharter-TLF/b/n on input line 403.
LaTeX Font Info:    Redeclaring math alphabet \mathsf on input line 410.
LaTeX Font Info:    Overwriting math alphabet `\mathsf' in version `normal'
(Font)                  OT1/lmss/m/n --> OT1/opensans-TOsF/m/n on input line 410.
LaTeX Font Info:    Overwriting math alphabet `\mathsf' in version `bold'
(Font)                  OT1/lmss/bx/n --> OT1/opensans-TOsF/m/n on input line 410.
LaTeX Font Info:    Overwriting math alphabet `\mathsf' in version `bold'
(Font)                  OT1/opensans-TOsF/m/n --> OT1/opensans-TOsF/b/n on input line 412.
LaTeX Font Info:    Redeclaring math alphabet \mathit on input line 419.
LaTeX Font Info:    Overwriting math alphabet `\mathit' in version `normal'
(Font)                  OT1/lmr/m/it --> T1/XCharter-TLF/m/it on input line 419.
LaTeX Font Info:    Overwriting math alphabet `\mathit' in version `bold'
(Font)                  OT1/lmr/bx/it --> T1/XCharter-TLF/m/it on input line 419.
LaTeX Font Info:    Redeclaring math alphabet \mathtt on input line 420.
LaTeX Font Info:    Overwriting math alphabet `\mathtt' in version `normal'
(Font)                  OT1/lmtt/m/n --> T1/lmtt/m/n on input line 420.
LaTeX Font Info:    Overwriting math alphabet `\mathtt' in version `bold'
(Font)                  OT1/lmtt/m/n --> T1/lmtt/m/n on input line 420.
LaTeX Font Info:    Redeclaring math alphabet \mathbf on input line 422.
LaTeX Font Info:    Overwriting math alphabet `\mathbf' in version `normal'
(Font)                  OT1/lmr/bx/n --> T1/XCharter-TLF/b/n on input line 422.
LaTeX Font Info:    Overwriting math alphabet `\mathbf' in version `bold'
(Font)                  OT1/lmr/bx/n --> T1/XCharter-TLF/b/n on input line 422.
LaTeX Font Info:    Overwriting math alphabet `\mathit' in version `bold'
(Font)                  T1/XCharter-TLF/m/it --> T1/XCharter-TLF/b/it on input line 423.
LaTeX Font Info:    Overwriting math alphabet `\mathtt' in version `bold'
(Font)                  T1/lmtt/m/n --> T1/lmtt/b/n on input line 426.
LaTeX Font Info:    Redeclaring symbol font `letters' on input line 444.
LaTeX Font Info:    Overwriting symbol font `letters' in version `normal'
(Font)                  OML/lmm/m/it --> OML/nxlmi/m/it on input line 444.
LaTeX Font Info:    Overwriting symbol font `letters' in version `bold'
(Font)                  OML/lmm/b/it --> OML/nxlmi/m/it on input line 444.
LaTeX Font Info:    Overwriting symbol font `letters' in version `bold'
(Font)                  OML/nxlmi/m/it --> OML/nxlmi/b/it on input line 445.
\symlettersA=\mathgroup4
LaTeX Font Info:    Overwriting symbol font `lettersA' in version `bold'
(Font)                  U/ntxmia/m/it --> U/ntxmia/b/it on input line 582.
Now handling font encoding LMS ...
... no UTF-8 mapping file for font encoding LMS
LaTeX Font Info:    Redeclaring symbol font `symbols' on input line 604.
LaTeX Font Info:    Encoding `OMS' has changed to `LMS' for symbol font
(Font)              `symbols' in the math version `normal' on input line 604.
LaTeX Font Info:    Overwriting symbol font `symbols' in version `normal'
(Font)                  OMS/lmsy/m/n --> LMS/ntxsy/m/n on input line 604.
LaTeX Font Info:    Encoding `OMS' has changed to `LMS' for symbol font
(Font)              `symbols' in the math version `bold' on input line 604.
LaTeX Font Info:    Overwriting symbol font `symbols' in version `bold'
(Font)                  OMS/lmsy/b/n --> LMS/ntxsy/m/n on input line 604.
LaTeX Font Info:    Overwriting symbol font `symbols' in version `bold'
(Font)                  LMS/ntxsy/m/n --> LMS/ntxsy/b/n on input line 605.
\symAMSm=\mathgroup5
LaTeX Font Info:    Overwriting symbol font `AMSm' in version `bold'
(Font)                  U/ntxsym/m/n --> U/ntxsym/b/n on input line 630.
\symsymbolsC=\mathgroup6
LaTeX Font Info:    Overwriting symbol font `symbolsC' in version `bold'
(Font)                  U/ntxsyc/m/n --> U/ntxsyc/b/n on input line 651.
Now handling font encoding LMX ...
... no UTF-8 mapping file for font encoding LMX
LaTeX Font Info:    Redeclaring symbol font `largesymbols' on input line 664.
LaTeX Font Info:    Encoding `OMX' has changed to `LMX' for symbol font
(Font)              `largesymbols' in the math version `normal' on input line 664.
LaTeX Font Info:    Overwriting symbol font `largesymbols' in version `normal'
(Font)                  OMX/lmex/m/n --> LMX/ntxexx/m/n on input line 664.
LaTeX Font Info:    Encoding `OMX' has changed to `LMX' for symbol font
(Font)              `largesymbols' in the math version `bold' on input line 664.
LaTeX Font Info:    Overwriting symbol font `largesymbols' in version `bold'
(Font)                  OMX/lmex/m/n --> LMX/ntxexx/m/n on input line 664.
LaTeX Font Info:    Overwriting symbol font `largesymbols' in version `bold'
(Font)                  LMX/ntxexx/m/n --> LMX/ntxexx/b/n on input line 665.
\symlargesymbolsTXA=\mathgroup7
LaTeX Font Info:    Overwriting symbol font `largesymbolsTXA' in version `bold'
(Font)                  U/ntxexa/m/n --> U/ntxexa/b/n on input line 679.
\tx@sbptoks=\toks79
LaTeX Font Info:    Redeclaring math delimiter \lfloor on input line 902.
LaTeX Font Info:    Redeclaring math delimiter \rfloor on input line 903.
LaTeX Font Info:    Redeclaring math delimiter \lceil on input line 904.
LaTeX Font Info:    Redeclaring math delimiter \rceil on input line 905.
LaTeX Font Info:    Redeclaring math delimiter \lbrace on input line 910.
LaTeX Font Info:    Redeclaring math delimiter \rbrace on input line 911.
LaTeX Font Info:    Redeclaring math delimiter \langle on input line 913.
LaTeX Font Info:    Redeclaring math delimiter \rangle on input line 915.
LaTeX Font Info:    Redeclaring math delimiter \arrowvert on input line 919.
LaTeX Font Info:    Redeclaring math delimiter \vert on input line 920.
LaTeX Font Info:    Redeclaring math symbol \hbar on input line 966.
LaTeX Font Info:    Redeclaring math accent \dot on input line 991.
LaTeX Font Info:    Redeclaring math accent \ddot on input line 992.
LaTeX Font Info:    Redeclaring math accent \grave on input line 1000.
LaTeX Font Info:    Redeclaring math accent \acute on input line 1001.
LaTeX Font Info:    Redeclaring math accent \check on input line 1002.
LaTeX Font Info:    Redeclaring math accent \breve on input line 1003.
LaTeX Font Info:    Redeclaring math accent \bar on input line 1004.
LaTeX Font Info:    Redeclaring math accent \mathring on input line 1005.
LaTeX Font Info:    Redeclaring math accent \hat on input line 1006.
LaTeX Font Info:    Redeclaring math accent \tilde on input line 1007.
LaTeX Font Info:    Redeclaring math accent \vec on input line 2057.
LaTeX Info: Redefining \Bbbk on input line 2847.
LaTeX Info: Redefining \not on input line 2995.
LaTeX Info: Redefining \textsquare on input line 3025.
LaTeX Info: Redefining \openbox on input line 3027.
)
\ult@gm@topmargin=\skip83
\ult@gm@textheight=\skip84
\ult@gm@textwidth=\skip85
 (/home/een023/.local/share/mise/installs/tinytex/2024.06/texmf-dist/tex/latex/geometry/geometry.sty
Package: geometry 2020/01/02 v5.9 Page Geometry
 (/home/een023/.local/share/mise/installs/tinytex/2024.06/texmf-dist/tex/generic/iftex/ifvtex.sty
Package: ifvtex 2019/10/25 v1.7 ifvtex legacy package. Use iftex instead.
)
\Gm@cnth=\count393
\Gm@cntv=\count394
\c@Gm@tempcnt=\count395
\Gm@bindingoffset=\dimen321
\Gm@wd@mp=\dimen322
\Gm@odd@mp=\dimen323
\Gm@even@mp=\dimen324
\Gm@layoutwidth=\dimen325
\Gm@layoutheight=\dimen326
\Gm@layouthoffset=\dimen327
\Gm@layoutvoffset=\dimen328
\Gm@dimlist=\toks80
) (/home/een023/.local/share/mise/installs/tinytex/2024.06/texmf-dist/tex/latex/tools/layout.sty
Package: layout 2023-08-20 v1.2e Show layout parameters
\oneinch=\count396
\cnt@paperwidth=\count397
\cnt@paperheight=\count398
\cnt@hoffset=\count399
\cnt@voffset=\count400
\cnt@textheight=\count401
\cnt@textwidth=\count402
\cnt@topmargin=\count403
\cnt@oddsidemargin=\count404
\cnt@evensidemargin=\count405
\cnt@headheight=\count406
\cnt@headsep=\count407
\cnt@marginparsep=\count408
\cnt@marginparwidth=\count409
\cnt@marginparpush=\count410
\cnt@footskip=\count411
\fheight=\count412
\ref@top=\count413
\ref@hoffset=\count414
\ref@voffset=\count415
\ref@head=\count416
\ref@body=\count417
\ref@foot=\count418
\ref@margin=\count419
\ref@marginwidth=\count420
\ref@marginpar=\count421
\Interval=\count422
\ExtraYPos=\count423
\PositionX=\count424
\PositionY=\count425
\ArrowLength=\count426
) (/home/een023/.local/share/mise/installs/tinytex/2024.06/texmf-dist/tex/latex/changepage/changepage.sty
Package: changepage 2009/10/20 v1.0c check page and change page layout
\c@cp@cntr=\count427
\cp@tempcnt=\count428
)
\ult@normalbaselineskip=\dimen329
\ult@saveparindent=\skip86
 (/home/een023/.local/share/mise/installs/tinytex/2024.06/texmf-dist/tex/latex/parskip/parskip.sty
Rollback for package 'parskip' requested -> version 'v1'.
         This corresponds to the release introduced on 2001-04-09.
 (/home/een023/.local/share/mise/installs/tinytex/2024.06/texmf-dist/tex/latex/parskip/parskip-2001-04-09.sty
Package: parskip 2001/04/09 non-zero parskip adjustments
)) (/home/een023/.local/share/mise/installs/tinytex/2024.06/texmf-dist/tex/latex/ragged2e/ragged2e.sty
Package: ragged2e 2023/06/22 v3.6 ragged2e Package
\CenteringLeftskip=\skip87
\RaggedLeftLeftskip=\skip88
\RaggedRightLeftskip=\skip89
\CenteringRightskip=\skip90
\RaggedLeftRightskip=\skip91
\RaggedRightRightskip=\skip92
\CenteringParfillskip=\skip93
\RaggedLeftParfillskip=\skip94
\RaggedRightParfillskip=\skip95
\JustifyingParfillskip=\skip96
\CenteringParindent=\skip97
\RaggedLeftParindent=\skip98
\RaggedRightParindent=\skip99
\JustifyingParindent=\skip100
) (/home/een023/.local/share/mise/installs/tinytex/2024.06/texmf-dist/tex/latex/tocbibind/tocbibind.sty
Package: tocbibind 2010/10/13 v1.5k extra ToC listings
Package tocbibind Info: The document has chapter divisions on input line 50.


Package tocbibind Note: Using chapter style headings, unless overridden.

) (/home/een023/.local/share/mise/installs/tinytex/2024.06/texmf-dist/tex/latex/tocloft/tocloft.sty
Package: tocloft 2017/08/31 v2.3i parameterised ToC, etc., typesetting
Package tocloft Info: The document has chapter divisions on input line 51.
\cftparskip=\skip101
\cftbeforetoctitleskip=\skip102
\cftaftertoctitleskip=\skip103
\cftbeforepartskip=\skip104
\cftpartnumwidth=\skip105
\cftpartindent=\skip106
\cftbeforechapskip=\skip107
\cftchapindent=\skip108
\cftchapnumwidth=\skip109
\cftbeforesecskip=\skip110
\cftsecindent=\skip111
\cftsecnumwidth=\skip112
\cftbeforesubsecskip=\skip113
\cftsubsecindent=\skip114
\cftsubsecnumwidth=\skip115
\cftbeforesubsubsecskip=\skip116
\cftsubsubsecindent=\skip117
\cftsubsubsecnumwidth=\skip118
\cftbeforeparaskip=\skip119
\cftparaindent=\skip120
\cftparanumwidth=\skip121
\cftbeforesubparaskip=\skip122
\cftsubparaindent=\skip123
\cftsubparanumwidth=\skip124
\cftbeforeloftitleskip=\skip125
\cftafterloftitleskip=\skip126
\cftbeforefigskip=\skip127
\cftfigindent=\skip128
\cftfignumwidth=\skip129
\c@lofdepth=\count429
\c@lotdepth=\count430
\cftbeforelottitleskip=\skip130
\cftafterlottitleskip=\skip131
\cftbeforetabskip=\skip132
\cfttabindent=\skip133
\cfttabnumwidth=\skip134


Package tocloft Warning: \@starttoc has already been redefined; tocloft bailing out. on input line 1156.

) (/home/een023/.local/share/mise/installs/tinytex/2024.06/texmf-dist/tex/latex/fancyhdr/fancyhdr.sty
Package: fancyhdr 2024/04/23 v4.2 Extensive control of page headers and footers
\f@nch@headwidth=\skip135
\f@nch@O@elh=\skip136
\f@nch@O@erh=\skip137
\f@nch@O@olh=\skip138
\f@nch@O@orh=\skip139
\f@nch@O@elf=\skip140
\f@nch@O@erf=\skip141
\f@nch@O@olf=\skip142
\f@nch@O@orf=\skip143
) (./ult-clearpage.sty
Package: ult-clearpage 2015/11/05 v1.1a UiT LaTeX template clearpage macros
\c@ult@c@firstblankpage=\count431
\c@ult@c@lastblankpage=\count432
\c@ult@c@tmpblankpage=\count433
) (./ult-upsc.sty
Package: ult-upsc 2016/08/18 v1.2a UiT LaTeX template upsc macro
 (/home/een023/.local/share/mise/installs/tinytex/2024.06/texmf-dist/tex/latex/mfirstuc/mfirstuc.sty
Package: mfirstuc 2022/10/14 v2.08 (NLCT)
\@glsmfirst=\toks81
\@glsmrest=\toks82
)) (/home/een023/.local/share/mise/installs/tinytex/2024.06/texmf-dist/tex/latex/glossaries/base/glossaries.sty
Package: glossaries 2024/04/03 v4.54 (NLCT)
 (/home/een023/.local/share/mise/installs/tinytex/2024.06/texmf-dist/tex/latex/xfor/xfor.sty
Package: xfor 2009/02/05 v1.05 (NLCT)
) (/home/een023/.local/share/mise/installs/tinytex/2024.06/texmf-dist/tex/latex/datatool/datatool-base.sty
Package: datatool-base 2019/09/27 v2.32 (NLCT)
 (/home/een023/.local/share/mise/installs/tinytex/2024.06/texmf-dist/tex/latex/substr/substr.sty
Package: substr 2009/10/20 v1.2 Handle substrings
\c@su@anzahl=\count434
) (/home/een023/.local/share/mise/installs/tinytex/2024.06/texmf-dist/tex/latex/datatool/datatool-fp.sty
Package: datatool-fp 2019/09/27 v2.32 (NLCT)
 (/home/een023/.local/share/mise/installs/tinytex/2024.06/texmf-dist/tex/latex/fp/fp.sty
Package: fp 1995/04/02
 `Fixed Point Package', Version 0.8, April 2, 1995 (C) Michael Mehlich (/home/een023/.local/share/mise/installs/tinytex/2024.06/texmf-dist/tex/latex/fp/defpattern.sty
Package: defpattern 1994/10/12
\actioncount=\count435
) (/home/een023/.local/share/mise/installs/tinytex/2024.06/texmf-dist/tex/latex/fp/fp-basic.sty
Package: fp-basic 1996/05/13
\FP@xs=\count436
\FP@xia=\count437
\FP@xib=\count438
\FP@xfa=\count439
\FP@xfb=\count440
\FP@rega=\count441
\FP@regb=\count442
\FP@regs=\count443
\FP@times=\count444
) (/home/een023/.local/share/mise/installs/tinytex/2024.06/texmf-dist/tex/latex/fp/fp-addons.sty
Package: fp-addons 1995/03/15
) (/home/een023/.local/share/mise/installs/tinytex/2024.06/texmf-dist/tex/latex/fp/fp-snap.sty
Package: fp-snap 1995/04/05
) (/home/een023/.local/share/mise/installs/tinytex/2024.06/texmf-dist/tex/latex/fp/fp-exp.sty
Package: fp-exp 1995/04/03
) (/home/een023/.local/share/mise/installs/tinytex/2024.06/texmf-dist/tex/latex/fp/fp-trigo.sty
Package: fp-trigo 1995/04/14
) (/home/een023/.local/share/mise/installs/tinytex/2024.06/texmf-dist/tex/latex/fp/fp-pas.sty
Package: fp-pas 1994/08/29
) (/home/een023/.local/share/mise/installs/tinytex/2024.06/texmf-dist/tex/latex/fp/fp-random.sty
Package: fp-random 1995/02/23
\FPseed=\count445
) (/home/een023/.local/share/mise/installs/tinytex/2024.06/texmf-dist/tex/latex/fp/fp-eqn.sty
Package: fp-eqn 1995/04/03
) (/home/een023/.local/share/mise/installs/tinytex/2024.06/texmf-dist/tex/latex/fp/fp-upn.sty
Package: fp-upn 1996/10/21
) (/home/een023/.local/share/mise/installs/tinytex/2024.06/texmf-dist/tex/latex/fp/fp-eval.sty
Package: fp-eval 1995/04/03
)))
\@dtl@toks=\toks83
\@dtl@tmpcount=\count446
\dtl@tmplength=\skip144
\dtl@sortresult=\count447
\@dtl@numgrpsepcount=\count448
\@dtl@datatype=\count449
\dtl@codeA=\count450
\dtl@codeB=\count451
\@dtl@foreach@level=\count452
)
\gls@level=\count453
\@gls@tmpb=\toks84
\gls@tmplen=\skip145
\glskeylisttok=\toks85
\glslabeltok=\toks86
\glsshorttok=\toks87
\glslongtok=\toks88
 (/home/een023/.local/share/mise/installs/tinytex/2024.06/texmf-dist/tex/latex/glossaries/styles/glossary-hypernav.sty
Package: glossary-hypernav 2024/04/03 v4.54 (NLCT)
) (/home/een023/.local/share/mise/installs/tinytex/2024.06/texmf-dist/tex/latex/glossaries/styles/glossary-list.sty
Package: glossary-list 2024/04/03 v4.54 (NLCT)
\glslistdottedwidth=\skip146
) (/home/een023/.local/share/mise/installs/tinytex/2024.06/texmf-dist/tex/latex/glossaries/styles/glossary-long.sty
Package: glossary-long 2024/04/03 v4.54 (NLCT)
 (/home/een023/.local/share/mise/installs/tinytex/2024.06/texmf-dist/tex/latex/tools/longtable.sty
Package: longtable 2024-04-26 v4.20 Multi-page Table package (DPC)
\LTleft=\skip147
\LTright=\skip148
\LTpre=\skip149
\LTpost=\skip150
\LTchunksize=\count454
\LTcapwidth=\dimen330
\LT@head=\box86
\LT@firsthead=\box87
\LT@foot=\box88
\LT@lastfoot=\box89
\LT@gbox=\box90
\LT@cols=\count455
\LT@rows=\count456
\c@LT@tables=\count457
\c@LT@chunks=\count458
\LT@p@ftn=\toks89
)
\glsdescwidth=\skip151
\glspagelistwidth=\skip152
) (/home/een023/.local/share/mise/installs/tinytex/2024.06/texmf-dist/tex/latex/glossaries/styles/glossary-tree.sty
Package: glossary-tree 2024/04/03 v4.54 (NLCT)
\glstreeindent=\skip153
)) (./ult-glossaries.sty
Package: ult-glossaries 2024/03/25 v1.1 UiT LaTeX template glossaries style customizations
) (./ult-glossaries-casechange-fix.sty
Package: ult-glossaries-casechange-fix 2024/03/25 v1.0 UiT LaTeX template glossaries case-change fix
)
\ult@chapnummetabox=\box91
\ult@chapnumbox=\box92
\ult@chapslashbox=\box93
\ult@chapslash@height=\skip154
\chapterheadalign=\skip155
\chapternamealign=\skip156
\chapterheadtopvspace=\skip157
\ult@chaptername@vbox=\box94
\ult@chapter@tmptotalheight=\dimen331
\ult@chapter@tmpstrutheight=\dimen332
\ult@sectionname@vbox=\box95
\ult@section@parwidth=\dimen333
\ult@section@tmptotalheight=\dimen334
\ult@section@tmpstrutheight=\dimen335
\c@ult@chapter@tmpnumlines=\count459
\c@ult@section@tmpnumlines=\count460
\ult@cftbeforepartskip=\skip158
\ult@cftbeforechapskip=\skip159
\ult@cftbeforesecskip=\skip160
\ult@cftpartindent=\skip161
\ult@cftpartnumwidth=\skip162
\ult@cftchapindent=\skip163
\ult@cftchapnumwidth=\skip164
\ult@cftsecindent=\skip165
\ult@cftsecnumwidth=\skip166
\ult@cftsubsecindent=\skip167
\ult@cftsubsecnumwidth=\skip168
\ult@cftsubsubsecindent=\skip169
\ult@cftsubsubsecnumwidth=\skip170
\ult@cftparaindent=\skip171
\ult@cftparanumwidth=\skip172
\ult@cftsubparaindent=\skip173
\ult@cftsubparanumwidth=\skip174
 (/home/een023/.local/share/mise/installs/tinytex/2024.06/texmf-dist/tex/latex/totalcount/totalcount.sty
Package: totalcount 2018/01/21 v1.0a Total values of counters (AR)
\c@totalcount@figure=\count461
\c@totalcount@table=\count462
\c@totalcount@lstlisting=\count463
)
\cftbeforelistingsskip=\skip175
\cftlistingsindent=\skip176
\cftlistingsnumwidth=\skip177
\cftbeforeloltitleskip=\skip178
\cftafterloltitleskip=\skip179
 (./ult-printglossary.sty
Package: ult-printglossary 2015/11/05 v1.1a UiT LaTeX template printglossary patch
) (/home/een023/.local/share/mise/installs/tinytex/2024.06/texmf-dist/tex/generic/pgf/frontendlayer/tikz/libraries/tikzlibraryarrows.code.tex
File: tikzlibraryarrows.code.tex 2023-01-15 v3.1.10 (3.1.10)
 (/home/een023/.local/share/mise/installs/tinytex/2024.06/texmf-dist/tex/generic/pgf/libraries/pgflibraryarrows.code.tex
File: pgflibraryarrows.code.tex 2023-01-15 v3.1.10 (3.1.10)
\arrowsize=\dimen336
))
\ult@copyright@page@box=\box96
\ult@tmp@shipoutbox=\box97
)

Class uit-thesis Warning: Are you sure you are allowed to use the lipsum package?.

(/home/een023/.local/share/mise/installs/tinytex/2024.06/texmf-dist/tex/latex/lipsum/lipsum.sty

Class uit-thesis Warning: Are you sure you are allowed to use the l3keys2e package?.

(/home/een023/.local/share/mise/installs/tinytex/2024.06/texmf-dist/tex/latex/l3packages/l3keys2e/l3keys2e.sty
Package: l3keys2e 2024-05-08 LaTeX2e option processing using LaTeX3 keys
)
Package: lipsum 2021-09-20 v2.7 150 paragraphs of Lorem Ipsum dummy text
\g__lipsum_par_int=\count464
\l__lipsum_a_int=\count465
\l__lipsum_b_int=\count466
 (/home/een023/.local/share/mise/installs/tinytex/2024.06/texmf-dist/tex/latex/lipsum/lipsum.ltd.tex))

Class uit-thesis Warning: Are you sure you are allowed to use the datetime package?.

(/home/een023/.local/share/mise/installs/tinytex/2024.06/texmf-dist/tex/latex/datetime/datetime.sty
Package: datetime 2015/03/20 v2.60 Date Time Package


Class uit-thesis Warning: Are you sure you are allowed to use the fmtcount package?.

(/home/een023/.local/share/mise/installs/tinytex/2024.06/texmf-dist/tex/latex/fmtcount/fmtcount.sty
Package: fmtcount 2020/01/30 v3.07


Class uit-thesis Warning: Are you sure you are allowed to use the fcprefix package?.

(/home/een023/.local/share/mise/installs/tinytex/2024.06/texmf-dist/tex/latex/fmtcount/fcprefix.sty
Package: fcprefix 2012/09/28


Class uit-thesis Warning: Are you sure you are allowed to use the fcnumparser package?.

(/home/een023/.local/share/mise/installs/tinytex/2024.06/texmf-dist/tex/latex/fmtcount/fcnumparser.sty
Package: fcnumparser 2017/06/15
\fc@digit@counter=\count467
))
\c@padzeroesN=\count468
\fc@tmpcatcode=\count469
 (/home/een023/.local/share/mise/installs/tinytex/2024.06/texmf-dist/tex/latex/fmtcount/fc-english.def
File: fc-english.def 2016/01/12
) (/home/een023/.local/share/mise/installs/tinytex/2024.06/texmf-dist/tex/latex/fmtcount/fc-USenglish.def
File: fc-USenglish.def 2013/08/17
)
\@DT@modctr=\count470
\@ordinalctr=\count471
\@orgargctr=\count472
\@strctr=\count473
\@tmpstrctr=\count474
\@DT@loopN=\count475
\@DT@X=\count476
)

Class uit-thesis Warning: Are you sure you are allowed to use the datetime-defaults package?.

(/home/een023/.local/share/mise/installs/tinytex/2024.06/texmf-dist/tex/latex/datetime/datetime-defaults.sty
Package: datetime-defaults 2013/09/10
)
\@day=\count477
\@month=\count478
\@year=\count479
\c@HOUR=\count480
\c@HOURXII=\count481
\c@MINUTE=\count482
\c@TOHOUR=\count483
\c@TOMINUTE=\count484
\c@SECOND=\count485
\currenthour=\count486
\currentminute=\count487
\currentsecond=\count488
Package datetime Info: No datetime.cfg file found, using default settings on input line 308.
 (/home/een023/.local/share/mise/installs/tinytex/2024.06/texmf-dist/tex/latex/datetime/dt-USenglish.def
File: dt-USenglish.def 2013/09/10
)
\@dtctr=\count489
\dayofyear=\count490
\dayofweek=\count491
LaTeX Info: Redefining \today on input line 736.
\dt@a=\toks90
\dt@b=\toks91
)
\glswrite=\write4
\glo@main@file=\write5
\openout5 = `thesis.glo'.

Package glossaries Info: Writing glossary file thesis.glo on input line 21.
\glo@acronym@file=\write6
\openout6 = `thesis.acn'.

Package glossaries Info: Writing glossary file thesis.acn on input line 21.
 (./acronyms.tex)
\c@definition=\count492
\cftbeforedefinitionskip=\skip180
\cftdefinitionindent=\skip181
\cftdefinitionnumwidth=\skip182
\c@defdepth=\count493
\cftbeforedeftitleskip=\skip183
\cftafterdeftitleskip=\skip184
LaTeX Info: Redefining \oldstylenums on input line 54.
Package csquotes Info: Checking for multilingual support...
Package csquotes Info: ... found 'babel' package.
Package csquotes Info: Adjusting default style.
Package csquotes Info: Redefining alias 'default' -> 'USenglish'.
 (/home/een023/Documents/work/projects/uit-phd-thesis/build/thesis.aux)
\openout1 = `thesis.aux'.

LaTeX Font Info:    Checking defaults for OML/nxlmi/m/it on input line 54.
LaTeX Font Info:    Trying to load font information for OML+nxlmi on input line 54.
 (/home/een023/.local/share/mise/installs/tinytex/2024.06/texmf-dist/tex/latex/newtx/omlnxlmi.fd
File: omlnxlmi.fd 2013/11/19 Fontinst v1.933 font definitions for OML/nxlmi.
)
LaTeX Font Info:    ... okay on input line 54.
LaTeX Font Info:    Checking defaults for OMS/cmsy/m/n on input line 54.
LaTeX Font Info:    ... okay on input line 54.
LaTeX Font Info:    Checking defaults for OT1/cmr/m/n on input line 54.
LaTeX Font Info:    ... okay on input line 54.
LaTeX Font Info:    Checking defaults for T1/cmr/m/n on input line 54.
LaTeX Font Info:    ... okay on input line 54.
LaTeX Font Info:    Checking defaults for TS1/cmr/m/n on input line 54.
LaTeX Font Info:    ... okay on input line 54.
LaTeX Font Info:    Checking defaults for OMX/cmex/m/n on input line 54.
LaTeX Font Info:    ... okay on input line 54.
LaTeX Font Info:    Checking defaults for U/ntxexa/m/n on input line 54.
LaTeX Font Info:    Trying to load font information for U+ntxexa on input line 54.
 (/home/een023/.local/share/mise/installs/tinytex/2024.06/texmf-dist/tex/latex/newtx/untxexa.fd
File: untxexa.fd 2012/04/16 Fontinst v1.933 font definitions for U/ntxexa.
)
LaTeX Font Info:    ... okay on input line 54.
LaTeX Font Info:    Checking defaults for PD1/pdf/m/n on input line 54.
LaTeX Font Info:    ... okay on input line 54.
LaTeX Font Info:    Checking defaults for PU/pdf/m/n on input line 54.
LaTeX Font Info:    ... okay on input line 54.
LaTeX Font Info:    Checking defaults for LMS/ntxsy/m/n on input line 54.
LaTeX Font Info:    Trying to load font information for LMS+ntxsy on input line 54.
 (/home/een023/.local/share/mise/installs/tinytex/2024.06/texmf-dist/tex/latex/newtx/lmsntxsy.fd
File: lmsntxsy.fd 2016/07/02 Fontinst v1.933 font definitions for LMS/ntxsy.
)
LaTeX Font Info:    ... okay on input line 54.
LaTeX Font Info:    Checking defaults for LMX/ntxexx/m/n on input line 54.
LaTeX Font Info:    Trying to load font information for LMX+ntxexx on input line 54.
 (/home/een023/.local/share/mise/installs/tinytex/2024.06/texmf-dist/tex/latex/newtx/lmxntxexx.fd
File: lmxntxexx.fd 2016/07/03 Fontinst v1.933 font definitions for LMX/ntxexx.
)
LaTeX Font Info:    ... okay on input line 54.


Class uit-thesis Warning: Are you sure you are allowed to use the epstopdf-base package?.

(/home/een023/.local/share/mise/installs/tinytex/2024.06/texmf-dist/tex/latex/epstopdf-pkg/epstopdf-base.sty
Package: epstopdf-base 2020-01-24 v2.11 Base part for package epstopdf
Package epstopdf-base Info: Redefining graphics rule for `.eps' on input line 485.
 (/home/een023/.local/share/mise/installs/tinytex/2024.06/texmf-dist/tex/latex/latexconfig/epstopdf-sys.cfg
File: epstopdf-sys.cfg 2010/07/13 v1.3 Configuration of (r)epstopdf for TeX Live
))
Package newfloat Info: `float' package detected.
Package hyperref Info: Link coloring OFF on input line 54.
\@outlinefile=\write7
\openout7 = `thesis.out'.



Class uit-thesis Warning: Are you sure you are allowed to use the pdflscape package?.

(/home/een023/.local/share/mise/installs/tinytex/2024.06/texmf-dist/tex/latex/pdflscape/pdflscape.sty
Package: pdflscape 2022-10-27 v0.13 Display of landscape pages in PDF


Class uit-thesis Warning: Are you sure you are allowed to use the pdflscape-nometadata package?.

(/home/een023/.local/share/mise/installs/tinytex/2024.06/texmf-dist/tex/latex/pdflscape/pdflscape-nometadata.sty
Package: pdflscape-nometadata 2022-10-28 v0.13 Display of landscape pages in PDF (HO)


Class uit-thesis Warning: Are you sure you are allowed to use the lscape package?.

(/home/een023/.local/share/mise/installs/tinytex/2024.06/texmf-dist/tex/latex/graphics/lscape.sty
Package: lscape 2020/05/28 v3.02 Landscape Pages (DPC)
)
Package pdflscape Info: Auto-detected driver: pdftex on input line 81.
))
Package caption Info: Begin \AtBeginDocument code.
Package caption Info: changepage package is loaded.
\caption@adjustwidth@hsize=\dimen337
\caption@adjustwidth@linewidth=\dimen338
Package caption Info: listings package is loaded.
Package caption Info: longtable package is loaded.


Class uit-thesis Warning: Are you sure you are allowed to use the ltcaption package?.

(/home/een023/.local/share/mise/installs/tinytex/2024.06/texmf-dist/tex/latex/caption/ltcaption.sty
Package: ltcaption 2021/01/08 v1.4c longtable captions (AR)
)
Package caption Info: End \AtBeginDocument code.
\c@mv@tabular=\count494
\c@mv@boldtabular=\count495
LaTeX Info: Redefining \microtypecontext on input line 54.
Package microtype Info: Applying patch `item' on input line 54.
Package microtype Info: Applying patch `toc' on input line 54.
Package microtype Info: Applying patch `eqnum' on input line 54.
Package microtype Info: Applying patch `footnote' on input line 54.
Package microtype Info: Applying patch `verbatim' on input line 54.
Package microtype Info: Generating PDF output.
Package microtype Info: Character protrusion enabled (level 2),
(microtype)             factor: 1100.
Package microtype Info: Using default protrusion set `alltext'.
Package microtype Info: Automatic font expansion enabled (level 2),
(microtype)             stretch: 10, shrink: 10, step: 1, non-selected.
Package microtype Info: Using default expansion set `alltext-nott'.
LaTeX Info: Redefining \showhyphens on input line 54.
Package microtype Info: Tracking enabled.
Package microtype Info: Using tracking set `ultsmallcaps'.
Package microtype Info: Adjustment of interword spacing enabled.
Package microtype Info: Using default spacing set `alltext-nott'.
Package microtype Info: Adjustment of character kerning enabled.
Package microtype Info: Using default kerning set `alltext'.
Package microtype Info: Loading generic protrusion settings for font family
(microtype)             `XCharter-OsF' (encoding: T1).
(microtype)             For optimal results, create family-specific settings.
(microtype)             See the microtype manual for details.
\c@lstlisting=\count496
LaTeX Info: Command `\dddot' is already robust on input line 54.
LaTeX Info: Command `\ddddot' is already robust on input line 54.

*geometry* driver: auto-detecting
*geometry* detected driver: pdftex
*geometry* verbose mode - [ preamble ] result:
* driver: pdftex
* paper: custom
* layout: <custom>
* layout(width,height): (597.50787pt,845.04684pt)
* layoutoffset:(h,v)=(0.0pt,0.0pt)
* modes: twoside 
* h-part:(L,W,R)=(95.00314pt, 360.0pt, 142.50473pt)
* v-part:(T,H,B)=(126.14378pt, 595.80026pt, 123.1028pt)
* \paperwidth=597.50787pt
* \paperheight=845.04684pt
* \textwidth=360.0pt
* \textheight=595.80026pt
* \oddsidemargin=22.73315pt
* \evensidemargin=70.23474pt
* \topmargin=2.0pt
* \headheight=32.0pt
* \headsep=19.8738pt
* \topskip=11.0pt
* \footskip=27.46295pt
* \marginparwidth=106.0pt
* \marginparsep=7.0pt
* \columnsep=10.0pt
* \skip\footins=14.0pt plus 6.0pt minus 2.0pt
* \hoffset=0.0pt
* \voffset=0.0pt
* \mag=1000
* \@twocolumnfalse
* \@twosidetrue
* \@mparswitchtrue
* \@reversemarginfalse
* (1in=72.27pt=25.4mm, 1cm=28.453pt)

LaTeX Font Info:    Font shape `T1/XCharter-OsF/m/n' will be
(Font)              scaled to size 24.3823pt on input line 54.
LaTeX Font Info:    Font shape `T1/XCharter-OsF/b/n' will be
(Font)              scaled to size 24.3823pt on input line 54.
LaTeX Font Info:    Trying to load font information for T1+opensans-TLF on input line 54.
(/home/een023/.local/share/mise/installs/tinytex/2024.06/texmf-dist/tex/latex/opensans/T1opensans-TLF.fd
File: T1opensans-TLF.fd 2019/06/24 Font definitions for T1/opensans-TLF.
)
LaTeX Font Info:    Font shape `T1/opensans-TLF/b/n' will be
(Font)              scaled to size 56.0pt on input line 54.
Package microtype Info: Loading generic protrusion settings for font family
(microtype)             `opensans-TLF' (encoding: T1).
(microtype)             For optimal results, create family-specific settings.
(microtype)             See the microtype manual for details.


LaTeX Font Info:    Font shape `T1/XCharter-OsF/m/it' will be
(Font)              scaled to size 10.73094pt on input line 54.
LaTeX Font Info:    Font shape `T1/XCharter-OsF/m/scit' will be
(Font)              scaled to size 10.73094pt on input line 54.
LaTeX Font Info:    Trying to load font information for TS1+XCharter-OsF on input line 54.
(/home/een023/.local/share/mise/installs/tinytex/2024.06/texmf-dist/tex/latex/xcharter/TS1XCharter-OsF.fd
File: TS1XCharter-OsF.fd 2020/05/25 (msharpe) Font definitions for TS1/XCharter-OsF.
)
LaTeX Font Info:    Font shape `TS1/XCharter-OsF/m/n' will be
(Font)              scaled to size 10.73094pt on input line 54.
Package microtype Info: Loading generic protrusion settings for font family
(microtype)             `XCharter-OsF' (encoding: TS1).
(microtype)             For optimal results, create family-specific settings.
(microtype)             See the microtype manual for details.
LaTeX Font Info:    Font shape `T1/XCharter-OsF/m/n' will be
(Font)              scaled to size 9.79996pt on input line 54.
LaTeX Font Info:    Trying to load font information for T1+lmtt on input line 54.
 (/home/een023/.local/share/mise/installs/tinytex/2024.06/texmf-dist/tex/latex/lm/t1lmtt.fd
File: t1lmtt.fd 2015/05/01 v1.6.1 Font defs for Latin Modern
)
Package microtype Info: Loading generic protrusion settings for font family
(microtype)             `lmtt' (encoding: T1).
(microtype)             For optimal results, create family-specific settings.
(microtype)             See the microtype manual for details.
LaTeX Font Info:    Trying to load font information for T1+XCharter-TLF on input line 54.
 (/home/een023/.local/share/mise/installs/tinytex/2024.06/texmf-dist/tex/latex/xcharter/T1XCharter-TLF.fd
File: T1XCharter-TLF.fd 2017/06/25 (autoinst) Font definitions for T1/XCharter-TLF.
)
LaTeX Font Info:    Font shape `T1/XCharter-TLF/m/n' will be
(Font)              scaled to size 9.79996pt on input line 54.
 (/home/een023/.local/share/mise/installs/tinytex/2024.06/texmf-dist/tex/latex/microtype/mt-bch.cfg
File: mt-bch.cfg 2007/03/03 v1.5 microtype config. file: Bitstream Charter (RS)
)
LaTeX Font Info:    Font shape `T1/XCharter-TLF/m/n' will be
(Font)              scaled to size 7.15396pt on input line 54.
LaTeX Font Info:    Font shape `T1/XCharter-TLF/m/n' will be
(Font)              scaled to size 5.38997pt on input line 54.
LaTeX Font Info:    Font shape `OML/nxlmi/m/it' will be
(Font)              scaled to size 10.70007pt on input line 54.
LaTeX Font Info:    Font shape `OML/nxlmi/m/it' will be
(Font)              scaled to size 7.81105pt on input line 54.
LaTeX Font Info:    Font shape `OML/nxlmi/m/it' will be
(Font)              scaled to size 5.88504pt on input line 54.
LaTeX Font Info:    Font shape `LMS/ntxsy/m/n' will be
(Font)              scaled to size 10.70007pt on input line 54.
LaTeX Font Info:    Font shape `LMS/ntxsy/m/n' will be
(Font)              scaled to size 7.81105pt on input line 54.
LaTeX Font Info:    Font shape `LMS/ntxsy/m/n' will be
(Font)              scaled to size 5.88504pt on input line 54.
LaTeX Font Info:    Font shape `LMX/ntxexx/m/n' will be
(Font)              scaled to size 10.70007pt on input line 54.
LaTeX Font Info:    Font shape `LMX/ntxexx/m/n' will be
(Font)              scaled to size 7.81105pt on input line 54.
LaTeX Font Info:    Font shape `LMX/ntxexx/m/n' will be
(Font)              scaled to size 5.88504pt on input line 54.
LaTeX Font Info:    Trying to load font information for U+ntxmia on input line 54.
 (/home/een023/.local/share/mise/installs/tinytex/2024.06/texmf-dist/tex/latex/newtx/untxmia.fd
File: untxmia.fd 2024/04/09 Fontinst v1.933 font definitions for U/ntxmia.
)
LaTeX Font Info:    Font shape `U/ntxmia/m/it' will be
(Font)              scaled to size 10.70007pt on input line 54.
LaTeX Font Info:    Font shape `U/ntxmia/m/it' will be
(Font)              scaled to size 7.81105pt on input line 54.
LaTeX Font Info:    Font shape `U/ntxmia/m/it' will be
(Font)              scaled to size 5.88504pt on input line 54.
LaTeX Font Info:    Trying to load font information for U+ntxsym on input line 54.
 (/home/een023/.local/share/mise/installs/tinytex/2024.06/texmf-dist/tex/latex/newtx/untxsym.fd
File: untxsym.fd 2023/08/16 Fontinst v1.933 font definitions for U/ntxsym.
)
LaTeX Font Info:    Font shape `U/ntxsym/m/n' will be
(Font)              scaled to size 10.70007pt on input line 54.
LaTeX Font Info:    Font shape `U/ntxsym/m/n' will be
(Font)              scaled to size 7.81105pt on input line 54.
LaTeX Font Info:    Font shape `U/ntxsym/m/n' will be
(Font)              scaled to size 5.88504pt on input line 54.
LaTeX Font Info:    Trying to load font information for U+ntxsyc on input line 54.
 (/home/een023/.local/share/mise/installs/tinytex/2024.06/texmf-dist/tex/latex/newtx/untxsyc.fd
File: untxsyc.fd 2012/04/12 Fontinst v1.933 font definitions for U/ntxsyc.
)
LaTeX Font Info:    Font shape `U/ntxsyc/m/n' will be
(Font)              scaled to size 10.70007pt on input line 54.
LaTeX Font Info:    Font shape `U/ntxsyc/m/n' will be
(Font)              scaled to size 7.81105pt on input line 54.
LaTeX Font Info:    Font shape `U/ntxsyc/m/n' will be
(Font)              scaled to size 5.88504pt on input line 54.
LaTeX Font Info:    Font shape `U/ntxexa/m/n' will be
(Font)              scaled to size 10.70007pt on input line 54.
LaTeX Font Info:    Font shape `U/ntxexa/m/n' will be
(Font)              scaled to size 7.81105pt on input line 54.
LaTeX Font Info:    Font shape `U/ntxexa/m/n' will be
(Font)              scaled to size 5.88504pt on input line 54.
LaTeX Info: Completed page discarded.
*geometry* verbose mode - [ newgeometry ] result:
* driver: pdftex
* paper: custom
* layout: <custom>
* layout(width,height): (597.50787pt,845.04684pt)
* layoutoffset:(h,v)=(0.0pt,0.0pt)
* modes: twoside 
* h-part:(L,W,R)=(76.82243pt, 486.54214pt, 34.1433pt)
* v-part:(T,H,B)=(34.1433pt, 776.76025pt, 34.1433pt)
* \paperwidth=597.50787pt
* \paperheight=845.04684pt
* \textwidth=486.54214pt
* \textheight=776.76025pt
* \oddsidemargin=4.55244pt
* \evensidemargin=-38.1267pt
* \topmargin=-90.00049pt
* \headheight=32.0pt
* \headsep=19.8738pt
* \topskip=11.0pt
* \footskip=27.46295pt
* \marginparwidth=106.0pt
* \marginparsep=7.0pt
* \columnsep=10.0pt
* \skip\footins=14.0pt plus 6.0pt minus 2.0pt
* \hoffset=0.0pt
* \voffset=0.0pt
* \mag=1000
* \@twocolumnfalse
* \@twosidetrue
* \@mparswitchtrue
* \@reversemarginfalse
* (1in=72.27pt=25.4mm, 1cm=28.453pt)



<figures/skrik_high_res.jpg, id=9, 1053.9375pt x 1333.98375pt>
File: figures/skrik_high_res.jpg Graphic file (type jpg)
<use figures/skrik_high_res.jpg>
Package pdftex.def Info: figures/skrik_high_res.jpg  used on input line 65.
(pdftex.def)             Requested size: 1053.93494pt x 1333.9805pt.
<ult_logo_engelsk.pdf, id=10, 614.57909pt x 862.11888pt>
File: ult_logo_engelsk.pdf Graphic file (type pdf)
<use ult_logo_engelsk.pdf>
Package pdftex.def Info: ult_logo_engelsk.pdf  used on input line 65.
(pdftex.def)             Requested size: 614.57759pt x 862.11678pt.
LaTeX Font Info:    Font shape `T1/opensans-TLF/l/n' will be
(Font)              scaled to size 12.0pt on input line 65.
LaTeX Font Info:    Font shape `T1/opensans-TLF/sb/n' will be
(Font)              scaled to size 14.0pt on input line 65.
LaTeX Font Info:    Font shape `T1/opensans-TLF/m/n' will be
(Font)              scaled to size 12.0pt on input line 65.
! Undefined control sequence.
<argument> ...@family }{m}{n}\noindent \@subtitle 
                                                  \vskip -\parskip \vspace *...
l.65 \maketitle
               
? 
LaTeX Font Info:    Font shape `T1/opensans-TLF/l/n' will be
(Font)              scaled to size 10.0pt on input line 65.
[1{/home/een023/.local/share/mise/installs/tinytex/2024.06/texmf-var/fonts/map/pdftex/updmap/pdftex.map}{/home/een023/.local/share/mise/installs/tinytex/2024.06/texmf-dist/fonts/enc/dvips/opensans/a_jg4h6q.enc}
pdfTeX warning (ext4): destination with the same identifier (name{page.B}) has been already used, duplicate ignored
<argument> ...shipout:D \box_use:N \l_shipout_box 
                                                  \__shipout_drop_firstpage_...
l.65 \maketitle
               



 <./figures/skrik_high_res.jpg> <./ult_logo_engelsk.pdf>] [1

\openout4 = `thesis.ist'.

{/home/een023/.local/share/mise/installs/tinytex/2024.06/texmf-dist/fonts/enc/dvips/xcharter/xch1_x6jczy.enc}{/home/een023/.local/share/mise/installs/tinytex/2024.06/texmf-dist/fonts/enc/dvips/xcharter/xch1_wd2dbe.enc}{/home/een023/.local/share/mise/installs/tinytex/2024.06/texmf-dist/fonts/enc/dvips/xcharter/xch1_co4ru4.enc}{/home/een023/.local/share/mise/installs/tinytex/2024.06/texmf-dist/fonts/enc/dvips/lm/lm-ec.enc}]
LaTeX Font Info:    Font shape `T1/XCharter-OsF/m/n' will be
(Font)              scaled to size 11.75995pt on input line 71.
LaTeX Font Info:    Font shape `T1/XCharter-OsF/m/it' will be
(Font)              scaled to size 11.75995pt on input line 71.


[1




]

[2

]
LaTeX Font Info:    Trying to load font information for T1+opensans-TOsF on input line 81.
 (/home/een023/.local/share/mise/installs/tinytex/2024.06/texmf-dist/tex/latex/opensans/T1opensans-TOsF.fd
File: T1opensans-TOsF.fd 2019/06/24 Font definitions for T1/opensans-TOsF.
)
LaTeX Font Info:    Font shape `T1/opensans-TOsF/bx/n' in size <10.95> not available
(Font)              Font shape `T1/opensans-TOsF/b/n' tried instead on input line 81.
LaTeX Font Info:    Font shape `T1/opensans-TOsF/b/n' will be
(Font)              scaled to size 10.95pt on input line 81.
Package microtype Info: Loading generic protrusion settings for font family
(microtype)             `opensans-TOsF' (encoding: T1).
(microtype)             For optimal results, create family-specific settings.
(microtype)             See the microtype manual for details.
LaTeX Font Info:    Font shape `T1/opensans-TOsF/bx/n' in size <26> not available
(Font)              Font shape `T1/opensans-TOsF/b/n' tried instead on input line 81.
LaTeX Font Info:    Font shape `T1/opensans-TOsF/b/n' will be
(Font)              scaled to size 26.0pt on input line 81.


Package lipsum Warning: Unknown language 'latin'. Hyphenation patterns for
(lipsum)                'USenglish' will be used instead.



[3

{/home/een023/.local/share/mise/installs/tinytex/2024.06/texmf-dist/fonts/enc/dvips/opensans/a_p2vepx.enc}]

[4

]

[5]

LaTeX Font Info:    Trying to load font information for T1+NotoSans-TOsF on input line 89.
(/home/een023/.local/share/mise/installs/tinytex/2024.06/texmf-dist/tex/latex/noto/T1NotoSans-TOsF.fd
File: T1NotoSans-TOsF.fd 2021/09/07 (autoinst) Font definitions for T1/NotoSans-TOsF.
)
LaTeX Font Info:    Font shape `T1/NotoSans-TOsF/el/n' will be
(Font)              scaled to size 10.0pt on input line 89.
Package microtype Info: Loading generic protrusion settings for font family
(microtype)             `NotoSans-TOsF' (encoding: T1).
(microtype)             For optimal results, create family-specific settings.
(microtype)             See the microtype manual for details.


Package microtype Warning: tracking amount list `thesis.tex/89' will
(microtype)                override list `thesis.tex/724' for 
(microtype)                font `T1///sc/' on input line 89.


Package microtype Warning: tracking amount list `thesis.tex/89' will
(microtype)                override list `thesis.tex/724' for 
(microtype)                font `T1///si/' on input line 89.


Package microtype Warning: tracking amount list `thesis.tex/89' will
(microtype)                override list `thesis.tex/724' for 
(microtype)                font `T1///scit/' on input line 89.


Package microtype Warning: tracking amount list `thesis.tex/89(1)' will
(microtype)                override list `thesis.tex/89' for 
(microtype)                font `T1///sc/' on input line 89.


Package microtype Warning: tracking amount list `thesis.tex/89(1)' will
(microtype)                override list `thesis.tex/89' for 
(microtype)                font `T1///si/' on input line 89.


Package microtype Warning: tracking amount list `thesis.tex/89(1)' will
(microtype)                override list `thesis.tex/89' for 
(microtype)                font `T1///scit/' on input line 89.

LaTeX Font Info:    Font shape `T1/NotoSans-TOsF/el/sc' will be
(Font)              scaled to size 10.0pt on input line 89.
[6{/home/een023/.local/share/mise/installs/tinytex/2024.06/texmf-dist/fonts/enc/dvips/noto/a_x3b3qr.enc}{/home/een023/.local/share/mise/installs/tinytex/2024.06/texmf-dist/fonts/enc/dvips/noto/a_og6ksl.enc}] (./thesis.toc
LaTeX Font Info:    Trying to load font information for T1+bch on input line 2.
 (/home/een023/.local/share/mise/installs/tinytex/2024.06/texmf-dist/tex/latex/psnfss/t1bch.fd
File: t1bch.fd 2004/10/18 font definitions for T1/bch.
)
LaTeX Font Info:    Font shape `T1/XCharter-OsF/b/n' will be
(Font)              scaled to size 10.73094pt on input line 2.
LaTeX Font Info:    Font shape `T1/XCharter-TLF/m/n' will be
(Font)              scaled to size 10.73094pt on input line 2.
LaTeX Font Info:    Font shape `T1/XCharter-TLF/m/n' will be
(Font)              scaled to size 7.83997pt on input line 2.
LaTeX Font Info:    Font shape `T1/XCharter-TLF/m/n' will be
(Font)              scaled to size 5.97797pt on input line 2.
LaTeX Font Info:    Font shape `OML/nxlmi/m/it' will be
(Font)              scaled to size 11.71657pt on input line 2.
LaTeX Font Info:    Font shape `OML/nxlmi/m/it' will be
(Font)              scaled to size 8.56006pt on input line 2.
LaTeX Font Info:    Font shape `OML/nxlmi/m/it' will be
(Font)              scaled to size 6.52704pt on input line 2.
LaTeX Font Info:    Font shape `LMS/ntxsy/m/n' will be
(Font)              scaled to size 11.71657pt on input line 2.
LaTeX Font Info:    Font shape `LMS/ntxsy/m/n' will be
(Font)              scaled to size 8.56006pt on input line 2.
LaTeX Font Info:    Font shape `LMS/ntxsy/m/n' will be
(Font)              scaled to size 6.52704pt on input line 2.
LaTeX Font Info:    Font shape `LMX/ntxexx/m/n' will be
(Font)              scaled to size 11.71657pt on input line 2.
LaTeX Font Info:    Font shape `LMX/ntxexx/m/n' will be
(Font)              scaled to size 8.56006pt on input line 2.
LaTeX Font Info:    Font shape `LMX/ntxexx/m/n' will be
(Font)              scaled to size 6.52704pt on input line 2.
LaTeX Font Info:    Font shape `U/ntxmia/m/it' will be
(Font)              scaled to size 11.71657pt on input line 2.
LaTeX Font Info:    Font shape `U/ntxmia/m/it' will be
(Font)              scaled to size 8.56006pt on input line 2.
LaTeX Font Info:    Font shape `U/ntxmia/m/it' will be
(Font)              scaled to size 6.52704pt on input line 2.
LaTeX Font Info:    Font shape `U/ntxsym/m/n' will be
(Font)              scaled to size 11.71657pt on input line 2.
LaTeX Font Info:    Font shape `U/ntxsym/m/n' will be
(Font)              scaled to size 8.56006pt on input line 2.
LaTeX Font Info:    Font shape `U/ntxsym/m/n' will be
(Font)              scaled to size 6.52704pt on input line 2.
LaTeX Font Info:    Font shape `U/ntxsyc/m/n' will be
(Font)              scaled to size 11.71657pt on input line 2.
LaTeX Font Info:    Font shape `U/ntxsyc/m/n' will be
(Font)              scaled to size 8.56006pt on input line 2.
LaTeX Font Info:    Font shape `U/ntxsyc/m/n' will be
(Font)              scaled to size 6.52704pt on input line 2.
LaTeX Font Info:    Font shape `U/ntxexa/m/n' will be
(Font)              scaled to size 11.71657pt on input line 2.
LaTeX Font Info:    Font shape `U/ntxexa/m/n' will be
(Font)              scaled to size 8.56006pt on input line 2.
LaTeX Font Info:    Font shape `U/ntxexa/m/n' will be
(Font)              scaled to size 6.52704pt on input line 2.
)
\tf@toc=\write8
\openout8 = `thesis.toc'.




Package microtype Warning: tracking amount list `thesis.tex/91' will
(microtype)                override list `thesis.tex/89(1)' for 
(microtype)                font `T1///sc/' on input line 91.


Package microtype Warning: tracking amount list `thesis.tex/91' will
(microtype)                override list `thesis.tex/89(1)' for 
(microtype)                font `T1///si/' on input line 91.


Package microtype Warning: tracking amount list `thesis.tex/91' will
(microtype)                override list `thesis.tex/89(1)' for 
(microtype)                font `T1///scit/' on input line 91.

[7

{/home/een023/.local/share/mise/installs/tinytex/2024.06/texmf-dist/fonts/enc/dvips/base/8r.enc}]

[8

] (./thesis.def)
\tf@def=\write9
\openout9 = `thesis.def'.




Package microtype Warning: tracking amount list `thesis.tex/94' will
(microtype)                override list `thesis.tex/91' for 
(microtype)                font `T1///sc/' on input line 94.


Package microtype Warning: tracking amount list `thesis.tex/94' will
(microtype)                override list `thesis.tex/91' for 
(microtype)                font `T1///si/' on input line 94.


Package microtype Warning: tracking amount list `thesis.tex/94' will
(microtype)                override list `thesis.tex/91' for 
(microtype)                font `T1///scit/' on input line 94.

[9]

[10

]
Chapter 1.
LaTeX Font Info:    Font shape `T1/XCharter-OsF/b/n' will be
(Font)              scaled to size 14.11192pt on input line 99.
LaTeX Font Info:    Font shape `T1/opensans-TOsF/bx/n' in size <14.4> not available
(Font)              Font shape `T1/opensans-TOsF/b/n' tried instead on input line 99.
LaTeX Font Info:    Font shape `T1/opensans-TOsF/b/n' will be
(Font)              scaled to size 14.4pt on input line 99.
LaTeX Font Info:    Font shape `T1/XCharter-TLF/m/n' will be
(Font)              scaled to size 14.11192pt on input line 99.
LaTeX Font Info:    Font shape `T1/XCharter-TLF/m/n' will be
(Font)              scaled to size 10.28995pt on input line 99.
LaTeX Font Info:    Font shape `T1/XCharter-TLF/m/n' will be
(Font)              scaled to size 7.74196pt on input line 99.
LaTeX Font Info:    Font shape `OML/nxlmi/m/it' will be
(Font)              scaled to size 15.4081pt on input line 99.
LaTeX Font Info:    Font shape `OML/nxlmi/m/it' will be
(Font)              scaled to size 11.23508pt on input line 99.
LaTeX Font Info:    Font shape `OML/nxlmi/m/it' will be
(Font)              scaled to size 8.45305pt on input line 99.
LaTeX Font Info:    Font shape `LMS/ntxsy/m/n' will be
(Font)              scaled to size 15.4081pt on input line 99.
LaTeX Font Info:    Font shape `LMS/ntxsy/m/n' will be
(Font)              scaled to size 11.23508pt on input line 99.
LaTeX Font Info:    Font shape `LMS/ntxsy/m/n' will be
(Font)              scaled to size 8.45305pt on input line 99.
LaTeX Font Info:    Font shape `LMX/ntxexx/m/n' will be
(Font)              scaled to size 15.4081pt on input line 99.
LaTeX Font Info:    Font shape `LMX/ntxexx/m/n' will be
(Font)              scaled to size 11.23508pt on input line 99.
LaTeX Font Info:    Font shape `LMX/ntxexx/m/n' will be
(Font)              scaled to size 8.45305pt on input line 99.
LaTeX Font Info:    Font shape `U/ntxmia/m/it' will be
(Font)              scaled to size 15.4081pt on input line 99.
LaTeX Font Info:    Font shape `U/ntxmia/m/it' will be
(Font)              scaled to size 11.23508pt on input line 99.
LaTeX Font Info:    Font shape `U/ntxmia/m/it' will be
(Font)              scaled to size 8.45305pt on input line 99.
LaTeX Font Info:    Font shape `U/ntxsym/m/n' will be
(Font)              scaled to size 15.4081pt on input line 99.
LaTeX Font Info:    Font shape `U/ntxsym/m/n' will be
(Font)              scaled to size 11.23508pt on input line 99.
LaTeX Font Info:    Font shape `U/ntxsym/m/n' will be
(Font)              scaled to size 8.45305pt on input line 99.
LaTeX Font Info:    Font shape `U/ntxsyc/m/n' will be
(Font)              scaled to size 15.4081pt on input line 99.
LaTeX Font Info:    Font shape `U/ntxsyc/m/n' will be
(Font)              scaled to size 11.23508pt on input line 99.
LaTeX Font Info:    Font shape `U/ntxsyc/m/n' will be
(Font)              scaled to size 8.45305pt on input line 99.
LaTeX Font Info:    Font shape `U/ntxexa/m/n' will be
(Font)              scaled to size 15.4081pt on input line 99.
LaTeX Font Info:    Font shape `U/ntxexa/m/n' will be
(Font)              scaled to size 11.23508pt on input line 99.
LaTeX Font Info:    Font shape `U/ntxexa/m/n' will be
(Font)              scaled to size 8.45305pt on input line 99.



Package microtype Warning: tracking amount list `thesis.tex/101' will
(microtype)                override list `thesis.tex/94' for 
(microtype)                font `T1///sc/' on input line 101.


Package microtype Warning: tracking amount list `thesis.tex/101' will
(microtype)                override list `thesis.tex/94' for 
(microtype)                font `T1///si/' on input line 101.


Package microtype Warning: tracking amount list `thesis.tex/101' will
(microtype)                override list `thesis.tex/94' for 
(microtype)                font `T1///scit/' on input line 101.

[1

]


Package microtype Warning: tracking amount list `thesis.tex/104' will
(microtype)                override list `thesis.tex/101' for 
(microtype)                font `T1///sc/' on input line 104.


Package microtype Warning: tracking amount list `thesis.tex/104' will
(microtype)                override list `thesis.tex/101' for 
(microtype)                font `T1///si/' on input line 104.


Package microtype Warning: tracking amount list `thesis.tex/104' will
(microtype)                override list `thesis.tex/101' for 
(microtype)                font `T1///scit/' on input line 104.


Package microtype Warning: tracking amount list `thesis.tex/104(2)' will
(microtype)                override list `thesis.tex/104' for 
(microtype)                font `T1///sc/' on input line 104.


Package microtype Warning: tracking amount list `thesis.tex/104(2)' will
(microtype)                override list `thesis.tex/104' for 
(microtype)                font `T1///si/' on input line 104.


Package microtype Warning: tracking amount list `thesis.tex/104(2)' will
(microtype)                override list `thesis.tex/104' for 
(microtype)                font `T1///scit/' on input line 104.

[2]


Package microtype Warning: tracking amount list `thesis.tex/133' will
(microtype)                override list `thesis.tex/104(2)' for 
(microtype)                font `T1///sc/' on input line 133.


Package microtype Warning: tracking amount list `thesis.tex/133' will
(microtype)                override list `thesis.tex/104(2)' for 
(microtype)                font `T1///si/' on input line 133.


Package microtype Warning: tracking amount list `thesis.tex/133' will
(microtype)                override list `thesis.tex/104(2)' for 
(microtype)                font `T1///scit/' on input line 133.


Package microtype Warning: tracking amount list `thesis.tex/133(3)' will
(microtype)                override list `thesis.tex/133' for 
(microtype)                font `T1///sc/' on input line 133.


Package microtype Warning: tracking amount list `thesis.tex/133(3)' will
(microtype)                override list `thesis.tex/133' for 
(microtype)                font `T1///si/' on input line 133.


Package microtype Warning: tracking amount list `thesis.tex/133(3)' will
(microtype)                override list `thesis.tex/133' for 
(microtype)                font `T1///scit/' on input line 133.

[3]


Package microtype Warning: tracking amount list `thesis.tex/146' will
(microtype)                override list `thesis.tex/133(3)' for 
(microtype)                font `T1///sc/' on input line 146.


Package microtype Warning: tracking amount list `thesis.tex/146' will
(microtype)                override list `thesis.tex/133(3)' for 
(microtype)                font `T1///si/' on input line 146.


Package microtype Warning: tracking amount list `thesis.tex/146' will
(microtype)                override list `thesis.tex/133(3)' for 
(microtype)                font `T1///scit/' on input line 146.


Package microtype Warning: tracking amount list `thesis.tex/146(4)' will
(microtype)                override list `thesis.tex/146' for 
(microtype)                font `T1///sc/' on input line 146.


Package microtype Warning: tracking amount list `thesis.tex/146(4)' will
(microtype)                override list `thesis.tex/146' for 
(microtype)                font `T1///si/' on input line 146.


Package microtype Warning: tracking amount list `thesis.tex/146(4)' will
(microtype)                override list `thesis.tex/146' for 
(microtype)                font `T1///scit/' on input line 146.

[4]
LaTeX Font Info:    Font shape `T1/XCharter-OsF/b/n' will be
(Font)              scaled to size 11.75995pt on input line 147.
LaTeX Font Info:    Font shape `T1/opensans-TOsF/bx/n' in size <12> not available
(Font)              Font shape `T1/opensans-TOsF/b/n' tried instead on input line 147.
LaTeX Font Info:    Font shape `T1/opensans-TOsF/b/n' will be
(Font)              scaled to size 12.0pt on input line 147.



Package microtype Warning: tracking amount list `thesis.tex/149' will
(microtype)                override list `thesis.tex/146(4)' for 
(microtype)                font `T1///sc/' on input line 149.


Package microtype Warning: tracking amount list `thesis.tex/149' will
(microtype)                override list `thesis.tex/146(4)' for 
(microtype)                font `T1///si/' on input line 149.


Package microtype Warning: tracking amount list `thesis.tex/149' will
(microtype)                override list `thesis.tex/146(4)' for 
(microtype)                font `T1///scit/' on input line 149.


Package microtype Warning: tracking amount list `thesis.tex/149(5)' will
(microtype)                override list `thesis.tex/149' for 
(microtype)                font `T1///sc/' on input line 149.


Package microtype Warning: tracking amount list `thesis.tex/149(5)' will
(microtype)                override list `thesis.tex/149' for 
(microtype)                font `T1///si/' on input line 149.


Package microtype Warning: tracking amount list `thesis.tex/149(5)' will
(microtype)                override list `thesis.tex/149' for 
(microtype)                font `T1///scit/' on input line 149.

[5]
Underfull \vbox (badness 1596) has occurred while \output is active []




Package microtype Warning: tracking amount list `thesis.tex/158' will
(microtype)                override list `thesis.tex/149(5)' for 
(microtype)                font `T1///sc/' on input line 158.


Package microtype Warning: tracking amount list `thesis.tex/158' will
(microtype)                override list `thesis.tex/149(5)' for 
(microtype)                font `T1///si/' on input line 158.


Package microtype Warning: tracking amount list `thesis.tex/158' will
(microtype)                override list `thesis.tex/149(5)' for 
(microtype)                font `T1///scit/' on input line 158.


Package microtype Warning: tracking amount list `thesis.tex/158(6)' will
(microtype)                override list `thesis.tex/158' for 
(microtype)                font `T1///sc/' on input line 158.


Package microtype Warning: tracking amount list `thesis.tex/158(6)' will
(microtype)                override list `thesis.tex/158' for 
(microtype)                font `T1///si/' on input line 158.


Package microtype Warning: tracking amount list `thesis.tex/158(6)' will
(microtype)                override list `thesis.tex/158' for 
(microtype)                font `T1///scit/' on input line 158.

[6]
LaTeX Font Info:    Font shape `T1/XCharter-OsF/m/n' will be
(Font)              scaled to size 12.01859pt on input line 162.
LaTeX Font Info:    Font shape `T1/XCharter-OsF/m/sc' will be
(Font)              scaled to size 12.01859pt on input line 162.
Package microtype Info: Character `029' is missing
(microtype)             in font `T1/XCharter-OsF/m/sc/12.26393'.
(microtype)             Ignoring protrusion settings for this character.
LaTeX Font Info:    Font shape `T1/XCharter-OsF/m/sc' will be
(Font)              scaled to size 10.73094pt on input line 165.

Overfull \hbox (12.13481pt too wide) in paragraph at lines 165--166
[]\T1/XCharter-OsF/m/n/10.95 (-10) This is some stuff, \T1/XCharter-OsF/m/sc/10.95/100ls (-10) small-caps \T1/XCharter-OsF/m/scit/10.95/100ls (-10) small-capsem-pha-sized \T1/XCharter-OsF/m/it/10.95 (-10) reg-u-larem-pha-sized 
 []




Package microtype Warning: tracking amount list `thesis.tex/170' will
(microtype)                override list `thesis.tex/158(6)' for 
(microtype)                font `T1///sc/' on input line 170.


Package microtype Warning: tracking amount list `thesis.tex/170' will
(microtype)                override list `thesis.tex/158(6)' for 
(microtype)                font `T1///si/' on input line 170.


Package microtype Warning: tracking amount list `thesis.tex/170' will
(microtype)                override list `thesis.tex/158(6)' for 
(microtype)                font `T1///scit/' on input line 170.


Package microtype Warning: tracking amount list `thesis.tex/170(7)' will
(microtype)                override list `thesis.tex/170' for 
(microtype)                font `T1///sc/' on input line 170.


Package microtype Warning: tracking amount list `thesis.tex/170(7)' will
(microtype)                override list `thesis.tex/170' for 
(microtype)                font `T1///si/' on input line 170.


Package microtype Warning: tracking amount list `thesis.tex/170(7)' will
(microtype)                override list `thesis.tex/170' for 
(microtype)                font `T1///scit/' on input line 170.

[7{/home/een023/.local/share/mise/installs/tinytex/2024.06/texmf-dist/fonts/enc/dvips/xcharter/xch1_6xwfqv.enc}]
LaTeX Font Info:    Trying to load font information for T1+XCharter-Sup on input line 171.
 (/home/een023/.local/share/mise/installs/tinytex/2024.06/texmf-dist/tex/latex/xcharter/T1XCharter-Sup.fd
File: T1XCharter-Sup.fd 2017/06/25 (autoinst) Font definitions for T1/XCharter-Sup.
)
LaTeX Font Info:    Font shape `T1/XCharter-Sup/m/n' will be
(Font)              scaled to size 10.73094pt on input line 171.
Package microtype Info: Loading generic protrusion settings for font family
(microtype)             `XCharter-Sup' (encoding: T1).
(microtype)             For optimal results, create family-specific settings.
(microtype)             See the microtype manual for details.
LaTeX Font Info:    Font shape `T1/XCharter-OsF/m/n' will be
(Font)              scaled to size 8.81996pt on input line 173.
LaTeX Font Info:    Font shape `T1/XCharter-OsF/m/it' will be
(Font)              scaled to size 12.01859pt on input line 175.
LaTeX Font Info:    Font shape `T1/XCharter-OsF/m/scit' will be
(Font)              scaled to size 12.01859pt on input line 175.


LaTeX Warning: Reference `fig:ex' on page 8 undefined on input line 178.

<example_image.jpg, id=170, 652.839pt x 903.375pt>
File: example_image.jpg Graphic file (type jpg)
<use example_image.jpg>
Package pdftex.def Info: example_image.jpg  used on input line 184.
(pdftex.def)             Requested size: 65.28772pt x 90.34279pt.
LaTeX Font Info:    Font shape `T1/XCharter-OsF/b/n' will be
(Font)              scaled to size 9.79996pt on input line 185.



Package microtype Warning: tracking amount list `thesis.tex/189' will
(microtype)                override list `thesis.tex/170(7)' for 
(microtype)                font `T1///sc/' on input line 189.


Package microtype Warning: tracking amount list `thesis.tex/189' will
(microtype)                override list `thesis.tex/170(7)' for 
(microtype)                font `T1///si/' on input line 189.


Package microtype Warning: tracking amount list `thesis.tex/189' will
(microtype)                override list `thesis.tex/170(7)' for 
(microtype)                font `T1///scit/' on input line 189.


Package microtype Warning: tracking amount list `thesis.tex/189(8)' will
(microtype)                override list `thesis.tex/189' for 
(microtype)                font `T1///sc/' on input line 189.


Package microtype Warning: tracking amount list `thesis.tex/189(8)' will
(microtype)                override list `thesis.tex/189' for 
(microtype)                font `T1///si/' on input line 189.


Package microtype Warning: tracking amount list `thesis.tex/189(8)' will
(microtype)                override list `thesis.tex/189' for 
(microtype)                font `T1///scit/' on input line 189.

[8{/home/een023/.local/share/mise/installs/tinytex/2024.06/texmf-dist/fonts/enc/dvips/xcharter/xch_6hzluo.enc} <./example_image.jpg>]
Chapter 2.



Package microtype Warning: tracking amount list `thesis.tex/191' will
(microtype)                override list `thesis.tex/189(8)' for 
(microtype)                font `T1///sc/' on input line 191.


Package microtype Warning: tracking amount list `thesis.tex/191' will
(microtype)                override list `thesis.tex/189(8)' for 
(microtype)                font `T1///si/' on input line 191.


Package microtype Warning: tracking amount list `thesis.tex/191' will
(microtype)                override list `thesis.tex/189(8)' for 
(microtype)                font `T1///scit/' on input line 191.

[9

]


Package microtype Warning: tracking amount list `thesis.tex/214' will
(microtype)                override list `thesis.tex/191' for 
(microtype)                font `T1///sc/' on input line 214.


Package microtype Warning: tracking amount list `thesis.tex/214' will
(microtype)                override list `thesis.tex/191' for 
(microtype)                font `T1///si/' on input line 214.


Package microtype Warning: tracking amount list `thesis.tex/214' will
(microtype)                override list `thesis.tex/191' for 
(microtype)                font `T1///scit/' on input line 214.


Package microtype Warning: tracking amount list `thesis.tex/214(9)' will
(microtype)                override list `thesis.tex/214' for 
(microtype)                font `T1///sc/' on input line 214.


Package microtype Warning: tracking amount list `thesis.tex/214(9)' will
(microtype)                override list `thesis.tex/214' for 
(microtype)                font `T1///si/' on input line 214.


Package microtype Warning: tracking amount list `thesis.tex/214(9)' will
(microtype)                override list `thesis.tex/214' for 
(microtype)                font `T1///scit/' on input line 214.

[10] (/home/een023/.local/share/mise/installs/tinytex/2024.06/texmf-dist/tex/latex/listings/lstlang1.sty
File: lstlang1.sty 2024/05/25 1.10b listings language file
) (/home/een023/.local/share/mise/installs/tinytex/2024.06/texmf-dist/tex/latex/listings/lstmisc.sty
File: lstmisc.sty 2024/05/25 1.10b (Carsten Heinz)
)
Package hyperref Info: bookmark level for unknown lstlisting defaults to 0 on input line 216.
Package microtype Info: Loading generic protrusion settings for font family
(microtype)             `XCharter-LF' (encoding: T1).
(microtype)             For optimal results, create family-specific settings.
(microtype)             See the microtype manual for details.
LaTeX Font Info:    Font shape `T1/XCharter-LF/b/n' will be
(Font)              scaled to size 10.73094pt on input line 217.
LaTeX Font Info:    Trying to load font information for TS1+XCharter-LF on input line 221.
 (/home/een023/.local/share/mise/installs/tinytex/2024.06/texmf-dist/tex/latex/xcharter/TS1XCharter-LF.fd
File: TS1XCharter-LF.fd 2020/05/25 (msharpe) Font definitions for TS1/XCharter-LF.
)
LaTeX Font Info:    Font shape `TS1/XCharter-LF/m/n' will be
(Font)              scaled to size 10.73094pt on input line 221.
Package microtype Info: Loading generic protrusion settings for font family
(microtype)             `XCharter-LF' (encoding: TS1).
(microtype)             For optimal results, create family-specific settings.
(microtype)             See the microtype manual for details.



Package microtype Warning: tracking amount list `thesis.tex/257' will
(microtype)                override list `thesis.tex/214(9)' for 
(microtype)                font `T1///sc/' on input line 257.


Package microtype Warning: tracking amount list `thesis.tex/257' will
(microtype)                override list `thesis.tex/214(9)' for 
(microtype)                font `T1///si/' on input line 257.


Package microtype Warning: tracking amount list `thesis.tex/257' will
(microtype)                override list `thesis.tex/214(9)' for 
(microtype)                font `T1///scit/' on input line 257.


Package microtype Warning: tracking amount list `thesis.tex/257(10)' will
(microtype)                override list `thesis.tex/257' for 
(microtype)                font `T1///sc/' on input line 257.


Package microtype Warning: tracking amount list `thesis.tex/257(10)' will
(microtype)                override list `thesis.tex/257' for 
(microtype)                font `T1///si/' on input line 257.


Package microtype Warning: tracking amount list `thesis.tex/257(10)' will
(microtype)                override list `thesis.tex/257' for 
(microtype)                font `T1///scit/' on input line 257.

[11{/home/een023/.local/share/mise/installs/tinytex/2024.06/texmf-dist/fonts/enc/dvips/xcharter/xch_wbcur7.enc}]

[12

]
Chapter 3.



Package microtype Warning: tracking amount list `thesis.tex/260' will
(microtype)                override list `thesis.tex/257(10)' for 
(microtype)                font `T1///sc/' on input line 260.


Package microtype Warning: tracking amount list `thesis.tex/260' will
(microtype)                override list `thesis.tex/257(10)' for 
(microtype)                font `T1///si/' on input line 260.


Package microtype Warning: tracking amount list `thesis.tex/260' will
(microtype)                override list `thesis.tex/257(10)' for 
(microtype)                font `T1///scit/' on input line 260.

[13]

[14

]
Chapter 4.



Package microtype Warning: tracking amount list `thesis.tex/263' will
(microtype)                override list `thesis.tex/260' for 
(microtype)                font `T1///sc/' on input line 263.


Package microtype Warning: tracking amount list `thesis.tex/263' will
(microtype)                override list `thesis.tex/260' for 
(microtype)                font `T1///si/' on input line 263.


Package microtype Warning: tracking amount list `thesis.tex/263' will
(microtype)                override list `thesis.tex/260' for 
(microtype)                font `T1///scit/' on input line 263.

[15]

[16

]
Chapter 5.



Package microtype Warning: tracking amount list `thesis.tex/266' will
(microtype)                override list `thesis.tex/263' for 
(microtype)                font `T1///sc/' on input line 266.


Package microtype Warning: tracking amount list `thesis.tex/266' will
(microtype)                override list `thesis.tex/263' for 
(microtype)                font `T1///si/' on input line 266.


Package microtype Warning: tracking amount list `thesis.tex/266' will
(microtype)                override list `thesis.tex/263' for 
(microtype)                font `T1///scit/' on input line 266.

[17]

[18

]

Package glossaries Warning: No \printglossary or \printglossaries found. 
(Remove \makeglossaries if you don't want any glossaries.) 
This document will not have a glossary.


Package totalcount Warning: Total counter(s) have changed.
(totalcount)                Rerun to get them right.



[19


]
*geometry* verbose mode - [ newgeometry ] result:
* driver: pdftex
* paper: custom
* layout: <custom>
* layout(width,height): (597.50787pt,845.04684pt)
* layoutoffset:(h,v)=(0.0pt,0.0pt)
* modes: twoside 
* h-part:(L,W,R)=(76.82243pt, 486.54214pt, 34.1433pt)
* v-part:(T,H,B)=(34.1433pt, 776.76025pt, 34.1433pt)
* \paperwidth=597.50787pt
* \paperheight=845.04684pt
* \textwidth=486.54214pt
* \textheight=776.76025pt
* \oddsidemargin=4.55244pt
* \evensidemargin=-38.1267pt
* \topmargin=-90.00049pt
* \headheight=32.0pt
* \headsep=19.8738pt
* \topskip=11.0pt
* \footskip=27.46295pt
* \marginparwidth=106.0pt
* \marginparsep=7.0pt
* \columnsep=10.0pt
* \skip\footins=14.0pt plus 6.0pt minus 2.0pt
* \hoffset=0.0pt
* \voffset=0.0pt
* \mag=1000
* \@twocolumnfalse
* \@twosidetrue
* \@mparswitchtrue
* \@reversemarginfalse
* (1in=72.27pt=25.4mm, 1cm=28.453pt)



<ult_forside_helt_element.pdf, id=273, 614.57909pt x 862.11888pt>
File: ult_forside_helt_element.pdf Graphic file (type pdf)
<use ult_forside_helt_element.pdf>
Package pdftex.def Info: ult_forside_helt_element.pdf  used on input line 268.
(pdftex.def)             Requested size: 614.57759pt x 862.11678pt.
File: ult_forside_helt_element.pdf Graphic file (type pdf)
<use ult_forside_helt_element.pdf>
Package pdftex.def Info: ult_forside_helt_element.pdf  used on input line 268.
(pdftex.def)             Requested size: 614.57759pt x 862.11678pt.
[20

 <./ult_forside_helt_element.pdf>] (/home/een023/Documents/work/projects/uit-phd-thesis/build/thesis.aux)
 ***********
LaTeX2e <2024-06-01> patch level 1
L3 programming layer <2020/03/25>
 ***********


LaTeX Warning: There were undefined references.


LaTeX Warning: Label(s) may have changed. Rerun to get cross-references right.


Package rerunfilecheck Warning: File `thesis.out' has changed.
(rerunfilecheck)                Rerun to get outlines right
(rerunfilecheck)                or use package `bookmark'.

Package rerunfilecheck Info: Checksums for `thesis.out':
(rerunfilecheck)             Before: <no file>
(rerunfilecheck)             After:  547A87C50A838FB58851ABCC086FF725;2532.
 ) 
Here is how much of TeX's memory you used:
 50630 strings out of 475499
 973593 string characters out of 5772480
 1988905 words of memory out of 5000000
 71919 multiletter control sequences out of 15000+600000
 846042 words of font info for 315 fonts, out of 8000000 for 9000
 36 hyphenation exceptions out of 8191
 109i,17n,107p,2704b,1473s stack positions out of 10000i,1000n,20000p,200000b,200000s

pdfTeX warning (dest): name{glo:html5} has been referenced but does not exist, replaced by a fixed one


pdfTeX warning (dest): name{glo:d3} has been referenced but does not exist, replaced by a fixed one


pdfTeX warning (dest): name{glo:uit} has been referenced but does not exist, replaced by a fixed one


pdfTeX warning (dest): name{glo:lage} has been referenced but does not exist, replaced by a fixed one


pdfTeX warning (dest): name{glo:thesis} has been referenced but does not exist, replaced by a fixed one


pdfTeX warning (dest): name{glo:2api} has been referenced but does not exist, replaced by a fixed one


pdfTeX warning (dest): name{glo:api} has been referenced but does not exist, replaced by a fixed one


pdfTeX warning (dest): name{chapter*.7} has been referenced but does not exist, replaced by a fixed one


pdfTeX warning (dest): name{chapter*.6} has been referenced but does not exist, replaced by a fixed one

</home/een023/.local/share/mise/installs/tinytex/2024.06/texmf-dist/fonts/type1/google/noto/NotoSans-ExtraLight.pfb></home/een023/.local/share/mise/installs/tinytex/2024.06/texmf-dist/fonts/type1/ascender/opensans/OpenSans-Bold.pfb></home/een023/.local/share/mise/installs/tinytex/2024.06/texmf-dist/fonts/type1/ascender/opensans/OpenSans-Light.pfb></home/een023/.local/share/mise/installs/tinytex/2024.06/texmf-dist/fonts/type1/ascender/opensans/OpenSans-SemiBold.pfb></home/een023/.local/share/mise/installs/tinytex/2024.06/texmf-dist/fonts/type1/public/xcharter/XCharter-Bold.pfb></home/een023/.local/share/mise/installs/tinytex/2024.06/texmf-dist/fonts/type1/public/xcharter/XCharter-Italic.pfb></home/een023/.local/share/mise/installs/tinytex/2024.06/texmf-dist/fonts/type1/public/xcharter/XCharter-Roman.pfb></home/een023/.local/share/mise/installs/tinytex/2024.06/texmf-dist/fonts/type1/bitstrea/charter/bchb8a.pfb></home/een023/.local/share/mise/installs/tinytex/2024.06/texmf-dist/fonts/type1/bitstrea/charter/bchr8a.pfb></home/een023/.local/share/mise/installs/tinytex/2024.06/texmf-dist/fonts/type1/public/lm/lmtt10.pfb>
Output written on /home/een023/Documents/work/projects/uit-phd-thesis/build/thesis.pdf (32 pages, 2409931 bytes).
PDF statistics:
 513 PDF objects out of 1000 (max. 8388607)
 404 compressed objects within 5 object streams
 109 named destinations out of 1000 (max. 500000)
 101925 words of extra memory for PDF output out of 106986 (max. 10000000)
